\BOOKMARK [1][-]{section.1}{\376\377\000I\000n\000t\000r\000o\000d\000u\000c\000t\000i\000o\000n}{}% 1
\BOOKMARK [1][-]{section.2}{\376\377\000I\000n\000t\000r\000o\000d\000u\000c\000t\000i\000o\000n}{}% 2
\BOOKMARK [2][-]{subsection.2.1}{\376\377\000T\000h\000e\000\040\000C\000r\000i\000t\000i\000c\000a\000l\000\040\000R\000o\000l\000e\000\040\000o\000f\000\040\000M\000e\000d\000i\000c\000a\000l\000\040\000I\000m\000a\000g\000e\000\040\000S\000e\000g\000m\000e\000n\000t\000a\000t\000i\000o\000n}{section.2}% 3
\BOOKMARK [3][-]{subsubsection.2.1.1}{\376\377\000C\000l\000i\000n\000i\000c\000a\000l\000\040\000A\000p\000p\000l\000i\000c\000a\000t\000i\000o\000n\000s\000\040\000a\000n\000d\000\040\000I\000m\000p\000a\000c\000t}{subsection.2.1}% 4
\BOOKMARK [3][-]{subsubsection.2.1.2}{\376\377\000E\000c\000o\000n\000o\000m\000i\000c\000\040\000a\000n\000d\000\040\000H\000e\000a\000l\000t\000h\000c\000a\000r\000e\000\040\000S\000y\000s\000t\000e\000m\000\040\000I\000m\000p\000a\000c\000t}{subsection.2.1}% 5
\BOOKMARK [2][-]{subsection.2.2}{\376\377\000U\000n\000i\000q\000u\000e\000\040\000C\000h\000a\000l\000l\000e\000n\000g\000e\000s\000\040\000i\000n\000\040\000M\000e\000d\000i\000c\000a\000l\000\040\000I\000m\000a\000g\000e\000\040\000S\000e\000g\000m\000e\000n\000t\000a\000t\000i\000o\000n}{section.2}% 6
\BOOKMARK [3][-]{subsubsection.2.2.1}{\376\377\000I\000m\000a\000g\000i\000n\000g\000\040\000M\000o\000d\000a\000l\000i\000t\000y\000-\000S\000p\000e\000c\000i\000f\000i\000c\000\040\000C\000h\000a\000l\000l\000e\000n\000g\000e\000s}{subsection.2.2}% 7
\BOOKMARK [3][-]{subsubsection.2.2.2}{\376\377\000A\000n\000a\000t\000o\000m\000i\000c\000a\000l\000\040\000a\000n\000d\000\040\000B\000i\000o\000l\000o\000g\000i\000c\000a\000l\000\040\000C\000h\000a\000l\000l\000e\000n\000g\000e\000s}{subsection.2.2}% 8
\BOOKMARK [3][-]{subsubsection.2.2.3}{\376\377\000T\000e\000c\000h\000n\000i\000c\000a\000l\000\040\000a\000n\000d\000\040\000C\000o\000m\000p\000u\000t\000a\000t\000i\000o\000n\000a\000l\000\040\000C\000h\000a\000l\000l\000e\000n\000g\000e\000s}{subsection.2.2}% 9
\BOOKMARK [2][-]{subsection.2.3}{\376\377\000B\000r\000a\000i\000n\000\040\000M\000R\000I\000\040\000S\000e\000g\000m\000e\000n\000t\000a\000t\000i\000o\000n\000:\000\040\000A\000\040\000R\000e\000p\000r\000e\000s\000e\000n\000t\000a\000t\000i\000v\000e\000\040\000C\000h\000a\000l\000l\000e\000n\000g\000e}{section.2}% 10
\BOOKMARK [3][-]{subsubsection.2.3.1}{\376\377\000S\000p\000e\000c\000i\000f\000i\000c\000\040\000C\000h\000a\000l\000l\000e\000n\000g\000e\000s\000\040\000i\000n\000\040\000B\000r\000a\000i\000n\000\040\000S\000e\000g\000m\000e\000n\000t\000a\000t\000i\000o\000n}{subsection.2.3}% 11
\BOOKMARK [3][-]{subsubsection.2.3.2}{\376\377\000C\000l\000i\000n\000i\000c\000a\000l\000\040\000R\000e\000l\000e\000v\000a\000n\000c\000e}{subsection.2.3}% 12
\BOOKMARK [2][-]{subsection.2.4}{\376\377\000R\000e\000s\000e\000a\000r\000c\000h\000\040\000O\000b\000j\000e\000c\000t\000i\000v\000e\000s\000\040\000a\000n\000d\000\040\000C\000o\000n\000t\000r\000i\000b\000u\000t\000i\000o\000n\000s}{section.2}% 13
\BOOKMARK [3][-]{subsubsection.2.4.1}{\376\377\000C\000o\000r\000e\000\040\000O\000b\000j\000e\000c\000t\000i\000v\000e\000s}{subsection.2.4}% 14
\BOOKMARK [3][-]{subsubsection.2.4.2}{\376\377\000T\000e\000c\000h\000n\000i\000c\000a\000l\000\040\000C\000o\000n\000t\000r\000i\000b\000u\000t\000i\000o\000n\000s}{subsection.2.4}% 15
\BOOKMARK [3][-]{subsubsection.2.4.3}{\376\377\000B\000r\000o\000a\000d\000e\000r\000\040\000I\000m\000p\000a\000c\000t}{subsection.2.4}% 16
\BOOKMARK [2][-]{subsection.2.5}{\376\377\000R\000e\000p\000o\000r\000t\000\040\000S\000t\000r\000u\000c\000t\000u\000r\000e}{section.2}% 17
\BOOKMARK [1][-]{section.3}{\376\377\000R\000e\000l\000a\000t\000e\000d\000\040\000W\000o\000r\000k}{}% 18
\BOOKMARK [2][-]{subsection.3.1}{\376\377\000T\000r\000a\000d\000i\000t\000i\000o\000n\000a\000l\000\040\000S\000e\000g\000m\000e\000n\000t\000a\000t\000i\000o\000n\000\040\000M\000e\000t\000h\000o\000d\000s\000:\000\040\000F\000o\000u\000n\000d\000a\000t\000i\000o\000n\000s\000\040\000a\000n\000d\000\040\000L\000i\000m\000i\000t\000a\000t\000i\000o\000n\000s}{section.3}% 19
\BOOKMARK [3][-]{subsubsection.3.1.1}{\376\377\000T\000h\000r\000e\000s\000h\000o\000l\000d\000i\000n\000g\000-\000B\000a\000s\000e\000d\000\040\000M\000e\000t\000h\000o\000d\000s}{subsection.3.1}% 20
\BOOKMARK [3][-]{subsubsection.3.1.2}{\376\377\000R\000e\000g\000i\000o\000n\000-\000B\000a\000s\000e\000d\000\040\000M\000e\000t\000h\000o\000d\000s}{subsection.3.1}% 21
\BOOKMARK [3][-]{subsubsection.3.1.3}{\376\377\000D\000e\000f\000o\000r\000m\000a\000b\000l\000e\000\040\000M\000o\000d\000e\000l\000s\000\040\000a\000n\000d\000\040\000A\000c\000t\000i\000v\000e\000\040\000C\000o\000n\000t\000o\000u\000r\000s}{subsection.3.1}% 22
\BOOKMARK [3][-]{subsubsection.3.1.4}{\376\377\000G\000r\000a\000p\000h\000-\000B\000a\000s\000e\000d\000\040\000M\000e\000t\000h\000o\000d\000s}{subsection.3.1}% 23
\BOOKMARK [2][-]{subsection.3.2}{\376\377\000T\000h\000e\000\040\000D\000e\000e\000p\000\040\000L\000e\000a\000r\000n\000i\000n\000g\000\040\000R\000e\000v\000o\000l\000u\000t\000i\000o\000n\000\040\000i\000n\000\040\000M\000e\000d\000i\000c\000a\000l\000\040\000S\000e\000g\000m\000e\000n\000t\000a\000t\000i\000o\000n}{section.3}% 24
\BOOKMARK [3][-]{subsubsection.3.2.1}{\376\377\000F\000u\000l\000l\000y\000\040\000C\000o\000n\000v\000o\000l\000u\000t\000i\000o\000n\000a\000l\000\040\000N\000e\000t\000w\000o\000r\000k\000s\000\040\000\050\000F\000C\000N\000s\000\051\000:\000\040\000T\000h\000e\000\040\000F\000o\000u\000n\000d\000a\000t\000i\000o\000n}{subsection.3.2}% 25
\BOOKMARK [3][-]{subsubsection.3.2.2}{\376\377\000U\000-\000N\000e\000t\000:\000\040\000A\000\040\000B\000r\000e\000a\000k\000t\000h\000r\000o\000u\000g\000h\000\040\000i\000n\000\040\000M\000e\000d\000i\000c\000a\000l\000\040\000I\000m\000a\000g\000i\000n\000g}{subsection.3.2}% 26
\BOOKMARK [3][-]{subsubsection.3.2.3}{\376\377\0003\000D\000\040\000E\000x\000t\000e\000n\000s\000i\000o\000n\000s\000\040\000a\000n\000d\000\040\000V\000o\000l\000u\000m\000e\000t\000r\000i\000c\000\040\000S\000e\000g\000m\000e\000n\000t\000a\000t\000i\000o\000n}{subsection.3.2}% 27
\BOOKMARK [3][-]{subsubsection.3.2.4}{\376\377\000A\000t\000r\000o\000u\000s\000\040\000C\000o\000n\000v\000o\000l\000u\000t\000i\000o\000n\000s\000\040\000a\000n\000d\000\040\000M\000u\000l\000t\000i\000-\000S\000c\000a\000l\000e\000\040\000P\000r\000o\000c\000e\000s\000s\000i\000n\000g}{subsection.3.2}% 28
\BOOKMARK [2][-]{subsection.3.3}{\376\377\000A\000t\000t\000e\000n\000t\000i\000o\000n\000\040\000M\000e\000c\000h\000a\000n\000i\000s\000m\000s\000:\000\040\000F\000o\000c\000u\000s\000\040\000a\000n\000d\000\040\000S\000e\000l\000e\000c\000t\000i\000v\000i\000t\000y}{section.3}% 29
\BOOKMARK [3][-]{subsubsection.3.3.1}{\376\377\000A\000t\000t\000e\000n\000t\000i\000o\000n\000\040\000U\000-\000N\000e\000t\000:\000\040\000L\000e\000a\000r\000n\000i\000n\000g\000\040\000W\000h\000e\000r\000e\000\040\000t\000o\000\040\000L\000o\000o\000k}{subsection.3.3}% 30
\BOOKMARK [3][-]{subsubsection.3.3.2}{\376\377\000S\000e\000l\000f\000-\000A\000t\000t\000e\000n\000t\000i\000o\000n\000\040\000a\000n\000d\000\040\000T\000r\000a\000n\000s\000f\000o\000r\000m\000e\000r\000\040\000A\000r\000c\000h\000i\000t\000e\000c\000t\000u\000r\000e\000s}{subsection.3.3}% 31
\BOOKMARK [3][-]{subsubsection.3.3.3}{\376\377\000S\000p\000a\000t\000i\000a\000l\000\040\000a\000n\000d\000\040\000C\000h\000a\000n\000n\000e\000l\000\040\000A\000t\000t\000e\000n\000t\000i\000o\000n}{subsection.3.3}% 32
\BOOKMARK [2][-]{subsection.3.4}{\376\377\000C\000u\000r\000r\000e\000n\000t\000\040\000S\000t\000a\000t\000e\000-\000o\000f\000-\000t\000h\000e\000-\000A\000r\000t\000\040\000a\000n\000d\000\040\000E\000m\000e\000r\000g\000i\000n\000g\000\040\000T\000r\000e\000n\000d\000s}{section.3}% 33
\BOOKMARK [3][-]{subsubsection.3.4.1}{\376\377\000M\000u\000l\000t\000i\000-\000S\000c\000a\000l\000e\000\040\000a\000n\000d\000\040\000M\000u\000l\000t\000i\000-\000R\000e\000s\000o\000l\000u\000t\000i\000o\000n\000\040\000A\000r\000c\000h\000i\000t\000e\000c\000t\000u\000r\000e\000s}{subsection.3.4}% 34
\BOOKMARK [3][-]{subsubsection.3.4.2}{\376\377\000E\000n\000s\000e\000m\000b\000l\000e\000\040\000a\000n\000d\000\040\000U\000n\000c\000e\000r\000t\000a\000i\000n\000t\000y\000\040\000E\000s\000t\000i\000m\000a\000t\000i\000o\000n}{subsection.3.4}% 35
\BOOKMARK [3][-]{subsubsection.3.4.3}{\376\377\000T\000r\000a\000n\000s\000f\000e\000r\000\040\000L\000e\000a\000r\000n\000i\000n\000g\000\040\000a\000n\000d\000\040\000D\000o\000m\000a\000i\000n\000\040\000A\000d\000a\000p\000t\000a\000t\000i\000o\000n}{subsection.3.4}% 36
\BOOKMARK [3][-]{subsubsection.3.4.4}{\376\377\000C\000o\000m\000p\000u\000t\000a\000t\000i\000o\000n\000a\000l\000\040\000E\000f\000f\000i\000c\000i\000e\000n\000c\000y\000\040\000a\000n\000d\000\040\000D\000e\000p\000l\000o\000y\000m\000e\000n\000t}{subsection.3.4}% 37
\BOOKMARK [2][-]{subsection.3.5}{\376\377\000S\000u\000m\000m\000a\000r\000y\000\040\000a\000n\000d\000\040\000P\000o\000s\000i\000t\000i\000o\000n\000i\000n\000g\000\040\000o\000f\000\040\000C\000u\000r\000r\000e\000n\000t\000\040\000W\000o\000r\000k}{section.3}% 38
\BOOKMARK [1][-]{section.4}{\376\377\000D\000a\000t\000a\000s\000e\000t\000\040\000a\000n\000d\000\040\000P\000r\000e\000p\000r\000o\000c\000e\000s\000s\000i\000n\000g}{}% 39
\BOOKMARK [2][-]{subsection.4.1}{\376\377\000D\000a\000t\000a\000s\000e\000t\000\040\000D\000e\000s\000c\000r\000i\000p\000t\000i\000o\000n}{section.4}% 40
\BOOKMARK [3][-]{subsubsection.4.1.1}{\376\377\000D\000a\000t\000a\000s\000e\000t\000\040\000O\000v\000e\000r\000v\000i\000e\000w\000\040\000a\000n\000d\000\040\000A\000c\000q\000u\000i\000s\000i\000t\000i\000o\000n}{subsection.4.1}% 41
\BOOKMARK [3][-]{subsubsection.4.1.2}{\376\377\000S\000u\000b\000j\000e\000c\000t\000\040\000D\000e\000m\000o\000g\000r\000a\000p\000h\000i\000c\000s\000\040\000a\000n\000d\000\040\000I\000n\000c\000l\000u\000s\000i\000o\000n\000\040\000C\000r\000i\000t\000e\000r\000i\000a}{subsection.4.1}% 42
\BOOKMARK [3][-]{subsubsection.4.1.3}{\376\377\000G\000r\000o\000u\000n\000d\000\040\000T\000r\000u\000t\000h\000\040\000S\000e\000g\000m\000e\000n\000t\000a\000t\000i\000o\000n\000\040\000P\000r\000o\000t\000o\000c\000o\000l}{subsection.4.1}% 43
\BOOKMARK [3][-]{subsubsection.4.1.4}{\376\377\000D\000a\000t\000a\000\040\000F\000o\000r\000m\000a\000t\000\040\000a\000n\000d\000\040\000S\000t\000r\000u\000c\000t\000u\000r\000e}{subsection.4.1}% 44
\BOOKMARK [3][-]{subsubsection.4.1.5}{\376\377\000T\000e\000c\000h\000n\000i\000c\000a\000l\000\040\000C\000h\000a\000l\000l\000e\000n\000g\000e\000s\000\040\000a\000n\000d\000\040\000D\000a\000t\000a\000s\000e\000t\000\040\000C\000h\000a\000r\000a\000c\000t\000e\000r\000i\000s\000t\000i\000c\000s}{subsection.4.1}% 45
\BOOKMARK [3][-]{subsubsection.4.1.6}{\376\377\000D\000a\000t\000a\000\040\000P\000r\000o\000c\000e\000s\000s\000i\000n\000g\000\040\000S\000t\000r\000a\000t\000e\000g\000y}{subsection.4.1}% 46
\BOOKMARK [3][-]{subsubsection.4.1.7}{\376\377\000D\000a\000t\000a\000s\000e\000t\000\040\000S\000t\000a\000t\000i\000s\000t\000i\000c\000s\000\040\000a\000n\000d\000\040\000A\000n\000a\000l\000y\000s\000i\000s}{subsection.4.1}% 47
\BOOKMARK [3][-]{subsubsection.4.1.8}{\376\377\000C\000o\000m\000p\000a\000r\000i\000s\000o\000n\000\040\000w\000i\000t\000h\000\040\000O\000t\000h\000e\000r\000\040\000B\000r\000a\000i\000n\000\040\000S\000e\000g\000m\000e\000n\000t\000a\000t\000i\000o\000n\000\040\000D\000a\000t\000a\000s\000e\000t\000s}{subsection.4.1}% 48
\BOOKMARK [3][-]{subsubsection.4.1.9}{\376\377\000D\000a\000t\000a\000s\000e\000t\000\040\000U\000t\000i\000l\000i\000z\000a\000t\000i\000o\000n\000\040\000i\000n\000\040\000T\000h\000i\000s\000\040\000W\000o\000r\000k}{subsection.4.1}% 49
\BOOKMARK [2][-]{subsection.4.2}{\376\377\000D\000a\000t\000a\000\040\000P\000r\000e\000p\000r\000o\000c\000e\000s\000s\000i\000n\000g\000\040\000P\000i\000p\000e\000l\000i\000n\000e}{section.4}% 50
\BOOKMARK [3][-]{subsubsection.4.2.1}{\376\377\0003\000D\000\040\000t\000o\000\040\0002\000D\000\040\000S\000l\000i\000c\000e\000\040\000E\000x\000t\000r\000a\000c\000t\000i\000o\000n\000\040\000S\000t\000r\000a\000t\000e\000g\000y}{subsection.4.2}% 51
\BOOKMARK [3][-]{subsubsection.4.2.2}{\376\377\000O\000r\000i\000e\000n\000t\000a\000t\000i\000o\000n\000\040\000S\000t\000a\000n\000d\000a\000r\000d\000i\000z\000a\000t\000i\000o\000n\000\040\000a\000n\000d\000\040\000R\000o\000t\000a\000t\000i\000o\000n}{subsection.4.2}% 52
\BOOKMARK [3][-]{subsubsection.4.2.3}{\376\377\000P\000a\000d\000d\000i\000n\000g\000\040\000S\000t\000r\000a\000t\000e\000g\000y\000\040\000f\000o\000r\000\040\000S\000p\000a\000t\000i\000a\000l\000\040\000C\000o\000n\000s\000i\000s\000t\000e\000n\000c\000y}{subsection.4.2}% 53
\BOOKMARK [3][-]{subsubsection.4.2.4}{\376\377\000P\000a\000t\000c\000h\000\040\000E\000x\000t\000r\000a\000c\000t\000i\000o\000n\000\040\000f\000o\000r\000\040\000M\000e\000m\000o\000r\000y\000\040\000a\000n\000d\000\040\000C\000o\000n\000t\000e\000x\000t\000\040\000O\000p\000t\000i\000m\000i\000z\000a\000t\000i\000o\000n}{subsection.4.2}% 54
\BOOKMARK [3][-]{subsubsection.4.2.5}{\376\377\000S\000e\000g\000m\000e\000n\000t\000a\000t\000i\000o\000n\000\040\000M\000a\000s\000k\000\040\000P\000r\000o\000c\000e\000s\000s\000i\000n\000g}{subsection.4.2}% 55
\BOOKMARK [3][-]{subsubsection.4.2.6}{\376\377\000I\000n\000t\000e\000n\000s\000i\000t\000y\000\040\000N\000o\000r\000m\000a\000l\000i\000z\000a\000t\000i\000o\000n\000\040\000S\000t\000r\000a\000t\000e\000g\000y}{subsection.4.2}% 56
\BOOKMARK [3][-]{subsubsection.4.2.7}{\376\377\000D\000a\000t\000a\000\040\000L\000o\000a\000d\000i\000n\000g\000\040\000a\000n\000d\000\040\000A\000u\000g\000m\000e\000n\000t\000a\000t\000i\000o\000n\000\040\000P\000i\000p\000e\000l\000i\000n\000e}{subsection.4.2}% 57
\BOOKMARK [3][-]{subsubsection.4.2.8}{\376\377\000D\000a\000t\000a\000s\000e\000t\000\040\000S\000p\000l\000i\000t\000t\000i\000n\000g\000\040\000S\000t\000r\000a\000t\000e\000g\000y}{subsection.4.2}% 58
\BOOKMARK [3][-]{subsubsection.4.2.9}{\376\377\000P\000r\000e\000p\000r\000o\000c\000e\000s\000s\000i\000n\000g\000\040\000Q\000u\000a\000l\000i\000t\000y\000\040\000C\000o\000n\000t\000r\000o\000l}{subsection.4.2}% 59
\BOOKMARK [3][-]{subsubsection.4.2.10}{\376\377\000C\000o\000m\000p\000u\000t\000a\000t\000i\000o\000n\000a\000l\000\040\000P\000e\000r\000f\000o\000r\000m\000a\000n\000c\000e\000\040\000A\000n\000a\000l\000y\000s\000i\000s}{subsection.4.2}% 60
\BOOKMARK [3][-]{subsubsection.4.2.11}{\376\377\000D\000a\000t\000a\000s\000e\000t\000\040\000S\000p\000l\000i\000t}{subsection.4.2}% 61
\BOOKMARK [2][-]{subsection.4.3}{\376\377\000D\000a\000t\000a\000s\000e\000t\000\040\000S\000t\000a\000t\000i\000s\000t\000i\000c\000s}{section.4}% 62
\BOOKMARK [3][-]{subsubsection.4.3.1}{\376\377\000D\000a\000t\000a\000\040\000Q\000u\000a\000l\000i\000t\000y\000\040\000A\000n\000a\000l\000y\000s\000i\000s}{subsection.4.3}% 63
\BOOKMARK [3][-]{subsubsection.4.3.2}{\376\377\000C\000l\000a\000s\000s\000\040\000I\000m\000b\000a\000l\000a\000n\000c\000e\000\040\000A\000n\000a\000l\000y\000s\000i\000s}{subsection.4.3}% 64
\BOOKMARK [1][-]{section.5}{\376\377\000M\000e\000t\000h\000o\000d\000o\000l\000o\000g\000y}{}% 65
\BOOKMARK [2][-]{subsection.5.1}{\376\377\000U\000-\000N\000e\000t\000\040\000A\000r\000c\000h\000i\000t\000e\000c\000t\000u\000r\000e}{section.5}% 66
\BOOKMARK [3][-]{subsubsection.5.1.1}{\376\377\000A\000r\000c\000h\000i\000t\000e\000c\000t\000u\000r\000a\000l\000\040\000P\000h\000i\000l\000o\000s\000o\000p\000h\000y\000\040\000a\000n\000d\000\040\000D\000e\000s\000i\000g\000n\000\040\000P\000r\000i\000n\000c\000i\000p\000l\000e\000s}{subsection.5.1}% 67
\BOOKMARK [3][-]{subsubsection.5.1.2}{\376\377\000E\000n\000c\000o\000d\000e\000r\000\040\000A\000r\000c\000h\000i\000t\000e\000c\000t\000u\000r\000e\000:\000\040\000F\000e\000a\000t\000u\000r\000e\000\040\000E\000x\000t\000r\000a\000c\000t\000i\000o\000n\000\040\000a\000n\000d\000\040\000A\000b\000s\000t\000r\000a\000c\000t\000i\000o\000n}{subsection.5.1}% 68
\BOOKMARK [3][-]{subsubsection.5.1.3}{\376\377\000D\000e\000c\000o\000d\000e\000r\000\040\000A\000r\000c\000h\000i\000t\000e\000c\000t\000u\000r\000e\000:\000\040\000S\000p\000a\000t\000i\000a\000l\000\040\000R\000e\000s\000t\000o\000r\000a\000t\000i\000o\000n\000\040\000a\000n\000d\000\040\000R\000e\000f\000i\000n\000e\000m\000e\000n\000t}{subsection.5.1}% 69
\BOOKMARK [3][-]{subsubsection.5.1.4}{\376\377\000S\000k\000i\000p\000\040\000C\000o\000n\000n\000e\000c\000t\000i\000o\000n\000s\000:\000\040\000T\000h\000e\000\040\000C\000o\000r\000e\000\040\000I\000n\000n\000o\000v\000a\000t\000i\000o\000n}{subsection.5.1}% 70
\BOOKMARK [3][-]{subsubsection.5.1.5}{\376\377\000A\000r\000c\000h\000i\000t\000e\000c\000t\000u\000r\000a\000l\000\040\000P\000a\000r\000a\000m\000e\000t\000e\000r\000\040\000A\000n\000a\000l\000y\000s\000i\000s}{subsection.5.1}% 71
\BOOKMARK [3][-]{subsubsection.5.1.6}{\376\377\000T\000r\000a\000i\000n\000i\000n\000g\000\040\000D\000y\000n\000a\000m\000i\000c\000s\000\040\000a\000n\000d\000\040\000C\000o\000n\000v\000e\000r\000g\000e\000n\000c\000e}{subsection.5.1}% 72
\BOOKMARK [3][-]{subsubsection.5.1.7}{\376\377\000F\000e\000a\000t\000u\000r\000e\000\040\000M\000a\000p\000\040\000D\000i\000m\000e\000n\000s\000i\000o\000n\000s}{subsection.5.1}% 73
\BOOKMARK [2][-]{subsection.5.2}{\376\377\000A\000t\000t\000e\000n\000t\000i\000o\000n\000\040\000U\000-\000N\000e\000t\000\040\000A\000r\000c\000h\000i\000t\000e\000c\000t\000u\000r\000e}{section.5}% 74
\BOOKMARK [3][-]{subsubsection.5.2.1}{\376\377\000A\000t\000t\000e\000n\000t\000i\000o\000n\000\040\000M\000e\000c\000h\000a\000n\000i\000s\000m\000\040\000F\000o\000u\000n\000d\000a\000t\000i\000o\000n\000s}{subsection.5.2}% 75
\BOOKMARK [3][-]{subsubsection.5.2.2}{\376\377\000A\000t\000t\000e\000n\000t\000i\000o\000n\000\040\000G\000a\000t\000e\000\040\000M\000a\000t\000h\000e\000m\000a\000t\000i\000c\000a\000l\000\040\000F\000o\000r\000m\000u\000l\000a\000t\000i\000o\000n}{subsection.5.2}% 76
\BOOKMARK [3][-]{subsubsection.5.2.3}{\376\377\000A\000t\000t\000e\000n\000t\000i\000o\000n\000\040\000G\000a\000t\000e\000\040\000A\000r\000c\000h\000i\000t\000e\000c\000t\000u\000r\000a\000l\000\040\000I\000m\000p\000l\000e\000m\000e\000n\000t\000a\000t\000i\000o\000n}{subsection.5.2}% 77
\BOOKMARK [3][-]{subsubsection.5.2.4}{\376\377\000A\000t\000t\000e\000n\000t\000i\000o\000n\000\040\000M\000e\000c\000h\000a\000n\000i\000s\000m\000\040\000I\000n\000t\000e\000g\000r\000a\000t\000i\000o\000n\000\040\000w\000i\000t\000h\000\040\000U\000-\000N\000e\000t}{subsection.5.2}% 78
\BOOKMARK [3][-]{subsubsection.5.2.5}{\376\377\000A\000t\000t\000e\000n\000t\000i\000o\000n\000\040\000C\000o\000e\000f\000f\000i\000c\000i\000e\000n\000t\000\040\000I\000n\000t\000e\000r\000p\000r\000e\000t\000a\000t\000i\000o\000n}{subsection.5.2}% 79
\BOOKMARK [3][-]{subsubsection.5.2.6}{\376\377\000T\000r\000a\000i\000n\000i\000n\000g\000\040\000D\000y\000n\000a\000m\000i\000c\000s\000\040\000a\000n\000d\000\040\000O\000p\000t\000i\000m\000i\000z\000a\000t\000i\000o\000n}{subsection.5.2}% 80
\BOOKMARK [3][-]{subsubsection.5.2.7}{\376\377\000C\000o\000m\000p\000u\000t\000a\000t\000i\000o\000n\000a\000l\000\040\000C\000o\000m\000p\000l\000e\000x\000i\000t\000y\000\040\000A\000n\000a\000l\000y\000s\000i\000s}{subsection.5.2}% 81
\BOOKMARK [3][-]{subsubsection.5.2.8}{\376\377\000P\000e\000r\000f\000o\000r\000m\000a\000n\000c\000e\000\040\000C\000h\000a\000r\000a\000c\000t\000e\000r\000i\000s\000t\000i\000c\000s\000\040\000a\000n\000d\000\040\000B\000e\000n\000e\000f\000i\000t\000s}{subsection.5.2}% 82
\BOOKMARK [3][-]{subsubsection.5.2.9}{\376\377\000C\000o\000m\000p\000a\000r\000i\000s\000o\000n\000\040\000w\000i\000t\000h\000\040\000S\000t\000a\000n\000d\000a\000r\000d\000\040\000U\000-\000N\000e\000t}{subsection.5.2}% 83
\BOOKMARK [2][-]{subsection.5.3}{\376\377\000L\000o\000s\000s\000\040\000F\000u\000n\000c\000t\000i\000o\000n\000s}{section.5}% 84
\BOOKMARK [3][-]{subsubsection.5.3.1}{\376\377\000P\000r\000o\000b\000l\000e\000m\000\040\000F\000o\000r\000m\000u\000l\000a\000t\000i\000o\000n\000\040\000a\000n\000d\000\040\000L\000o\000s\000s\000\040\000F\000u\000n\000c\000t\000i\000o\000n\000\040\000R\000e\000q\000u\000i\000r\000e\000m\000e\000n\000t\000s}{subsection.5.3}% 85
\BOOKMARK [3][-]{subsubsection.5.3.2}{\376\377\000D\000i\000c\000e\000\040\000L\000o\000s\000s\000:\000\040\000R\000e\000g\000i\000o\000n\000-\000B\000a\000s\000e\000d\000\040\000O\000v\000e\000r\000l\000a\000p\000\040\000O\000p\000t\000i\000m\000i\000z\000a\000t\000i\000o\000n}{subsection.5.3}% 86
\BOOKMARK [3][-]{subsubsection.5.3.3}{\376\377\000C\000r\000o\000s\000s\000-\000E\000n\000t\000r\000o\000p\000y\000\040\000L\000o\000s\000s\000:\000\040\000P\000i\000x\000e\000l\000-\000W\000i\000s\000e\000\040\000C\000l\000a\000s\000s\000i\000f\000i\000c\000a\000t\000i\000o\000n}{subsection.5.3}% 87
\BOOKMARK [3][-]{subsubsection.5.3.4}{\376\377\000C\000o\000m\000b\000i\000n\000e\000d\000\040\000L\000o\000s\000s\000\040\000F\000u\000n\000c\000t\000i\000o\000n\000:\000\040\000S\000y\000n\000e\000r\000g\000i\000s\000t\000i\000c\000\040\000O\000p\000t\000i\000m\000i\000z\000a\000t\000i\000o\000n}{subsection.5.3}% 88
\BOOKMARK [3][-]{subsubsection.5.3.5}{\376\377\000I\000m\000p\000l\000e\000m\000e\000n\000t\000a\000t\000i\000o\000n\000\040\000D\000e\000t\000a\000i\000l\000s\000\040\000a\000n\000d\000\040\000N\000u\000m\000e\000r\000i\000c\000a\000l\000\040\000S\000t\000a\000b\000i\000l\000i\000t\000y}{subsection.5.3}% 89
\BOOKMARK [3][-]{subsubsection.5.3.6}{\376\377\000C\000o\000m\000p\000a\000r\000a\000t\000i\000v\000e\000\040\000A\000n\000a\000l\000y\000s\000i\000s\000\040\000o\000f\000\040\000L\000o\000s\000s\000\040\000F\000u\000n\000c\000t\000i\000o\000n\000s}{subsection.5.3}% 90
\BOOKMARK [3][-]{subsubsection.5.3.7}{\376\377\000A\000d\000v\000a\000n\000c\000e\000d\000\040\000L\000o\000s\000s\000\040\000F\000u\000n\000c\000t\000i\000o\000n\000\040\000C\000o\000n\000s\000i\000d\000e\000r\000a\000t\000i\000o\000n\000s}{subsection.5.3}% 91
\BOOKMARK [3][-]{subsubsection.5.3.8}{\376\377\000I\000m\000p\000l\000e\000m\000e\000n\000t\000a\000t\000i\000o\000n\000\040\000O\000p\000t\000i\000m\000i\000z\000a\000t\000i\000o\000n}{subsection.5.3}% 92
\BOOKMARK [2][-]{subsection.5.4}{\376\377\000E\000v\000a\000l\000u\000a\000t\000i\000o\000n\000\040\000M\000e\000t\000r\000i\000c\000s}{section.5}% 93
\BOOKMARK [3][-]{subsubsection.5.4.1}{\376\377\000D\000i\000c\000e\000\040\000C\000o\000e\000f\000f\000i\000c\000i\000e\000n\000t}{subsection.5.4}% 94
\BOOKMARK [3][-]{subsubsection.5.4.2}{\376\377\000I\000n\000t\000e\000r\000s\000e\000c\000t\000i\000o\000n\000\040\000o\000v\000e\000r\000\040\000U\000n\000i\000o\000n\000\040\000\050\000I\000o\000U\000\051}{subsection.5.4}% 95
\BOOKMARK [3][-]{subsubsection.5.4.3}{\376\377\000P\000i\000x\000e\000l\000\040\000A\000c\000c\000u\000r\000a\000c\000y}{subsection.5.4}% 96
\BOOKMARK [3][-]{subsubsection.5.4.4}{\376\377\000P\000e\000r\000-\000C\000l\000a\000s\000s\000\040\000M\000e\000t\000r\000i\000c\000s}{subsection.5.4}% 97
\BOOKMARK [1][-]{section.6}{\376\377\000E\000x\000p\000e\000r\000i\000m\000e\000n\000t\000a\000l\000\040\000S\000e\000t\000u\000p}{}% 98
\BOOKMARK [2][-]{subsection.6.1}{\376\377\000I\000m\000p\000l\000e\000m\000e\000n\000t\000a\000t\000i\000o\000n\000\040\000D\000e\000t\000a\000i\000l\000s}{section.6}% 99
\BOOKMARK [3][-]{subsubsection.6.1.1}{\376\377\000M\000o\000d\000e\000l\000\040\000C\000o\000n\000f\000i\000g\000u\000r\000a\000t\000i\000o\000n}{subsection.6.1}% 100
\BOOKMARK [3][-]{subsubsection.6.1.2}{\376\377\000H\000y\000p\000e\000r\000p\000a\000r\000a\000m\000e\000t\000e\000r\000\040\000S\000e\000l\000e\000c\000t\000i\000o\000n}{subsection.6.1}% 101
\BOOKMARK [3][-]{subsubsection.6.1.3}{\376\377\000T\000r\000a\000i\000n\000i\000n\000g\000\040\000S\000t\000r\000a\000t\000e\000g\000y}{subsection.6.1}% 102
\BOOKMARK [3][-]{subsubsection.6.1.4}{\376\377\000T\000r\000a\000i\000n\000i\000n\000g\000\040\000A\000l\000g\000o\000r\000i\000t\000h\000m}{subsection.6.1}% 103
\BOOKMARK [3][-]{subsubsection.6.1.5}{\376\377\000D\000a\000t\000a\000\040\000A\000u\000g\000m\000e\000n\000t\000a\000t\000i\000o\000n}{subsection.6.1}% 104
\BOOKMARK [2][-]{subsection.6.2}{\376\377\000H\000a\000r\000d\000w\000a\000r\000e\000\040\000a\000n\000d\000\040\000S\000o\000f\000t\000w\000a\000r\000e}{section.6}% 105
\BOOKMARK [1][-]{section.7}{\376\377\000R\000e\000s\000u\000l\000t\000s\000\040\000a\000n\000d\000\040\000A\000n\000a\000l\000y\000s\000i\000s}{}% 106
\BOOKMARK [2][-]{subsection.7.1}{\376\377\000T\000r\000a\000i\000n\000i\000n\000g\000\040\000P\000r\000o\000g\000r\000e\000s\000s}{section.7}% 107
\BOOKMARK [3][-]{subsubsection.7.1.1}{\376\377\000T\000r\000a\000i\000n\000i\000n\000g\000\040\000D\000y\000n\000a\000m\000i\000c\000s\000\040\000A\000n\000a\000l\000y\000s\000i\000s}{subsection.7.1}% 108
\BOOKMARK [3][-]{subsubsection.7.1.2}{\376\377\000L\000o\000s\000s\000\040\000C\000u\000r\000v\000e\000s}{subsection.7.1}% 109
\BOOKMARK [3][-]{subsubsection.7.1.3}{\376\377\000M\000e\000t\000r\000i\000c\000\040\000C\000u\000r\000v\000e\000s}{subsection.7.1}% 110
\BOOKMARK [3][-]{subsubsection.7.1.4}{\376\377\000L\000e\000a\000r\000n\000i\000n\000g\000\040\000R\000a\000t\000e\000\040\000S\000c\000h\000e\000d\000u\000l\000e}{subsection.7.1}% 111
\BOOKMARK [3][-]{subsubsection.7.1.5}{\376\377\000O\000v\000e\000r\000f\000i\000t\000t\000i\000n\000g\000\040\000A\000n\000a\000l\000y\000s\000i\000s}{subsection.7.1}% 112
\BOOKMARK [3][-]{subsubsection.7.1.6}{\376\377\000C\000o\000n\000v\000e\000r\000g\000e\000n\000c\000e\000\040\000A\000n\000a\000l\000y\000s\000i\000s}{subsection.7.1}% 113
\BOOKMARK [2][-]{subsection.7.2}{\376\377\000T\000e\000s\000t\000\040\000S\000e\000t\000\040\000E\000v\000a\000l\000u\000a\000t\000i\000o\000n}{section.7}% 114
\BOOKMARK [3][-]{subsubsection.7.2.1}{\376\377\000O\000v\000e\000r\000a\000l\000l\000\040\000P\000e\000r\000f\000o\000r\000m\000a\000n\000c\000e}{subsection.7.2}% 115
\BOOKMARK [3][-]{subsubsection.7.2.2}{\376\377\000P\000e\000r\000f\000o\000r\000m\000a\000n\000c\000e\000\040\000I\000n\000t\000e\000r\000p\000r\000e\000t\000a\000t\000i\000o\000n}{subsection.7.2}% 116
\BOOKMARK [3][-]{subsubsection.7.2.3}{\376\377\000C\000o\000m\000p\000a\000r\000i\000s\000o\000n\000\040\000w\000i\000t\000h\000\040\000L\000i\000t\000e\000r\000a\000t\000u\000r\000e}{subsection.7.2}% 117
\BOOKMARK [3][-]{subsubsection.7.2.4}{\376\377\000P\000e\000r\000-\000C\000l\000a\000s\000s\000\040\000P\000e\000r\000f\000o\000r\000m\000a\000n\000c\000e}{subsection.7.2}% 118
\BOOKMARK [3][-]{subsubsection.7.2.5}{\376\377\000C\000o\000n\000f\000u\000s\000i\000o\000n\000\040\000M\000a\000t\000r\000i\000x}{subsection.7.2}% 119
\BOOKMARK [2][-]{subsection.7.3}{\376\377\000P\000r\000e\000d\000i\000c\000t\000i\000o\000n\000\040\000V\000i\000s\000u\000a\000l\000i\000z\000a\000t\000i\000o\000n}{section.7}% 120
\BOOKMARK [3][-]{subsubsection.7.3.1}{\376\377\000S\000a\000m\000p\000l\000e\000\040\000P\000r\000e\000d\000i\000c\000t\000i\000o\000n\000s}{subsection.7.3}% 121
\BOOKMARK [3][-]{subsubsection.7.3.2}{\376\377\000B\000e\000s\000t\000\040\000a\000n\000d\000\040\000W\000o\000r\000s\000t\000\040\000P\000r\000e\000d\000i\000c\000t\000i\000o\000n\000s}{subsection.7.3}% 122
\BOOKMARK [3][-]{subsubsection.7.3.3}{\376\377\000E\000r\000r\000o\000r\000\040\000A\000n\000a\000l\000y\000s\000i\000s}{subsection.7.3}% 123
\BOOKMARK [3][-]{subsubsection.7.3.4}{\376\377\000P\000r\000o\000b\000a\000b\000i\000l\000i\000t\000y\000\040\000M\000a\000p\000s\000\040\000a\000n\000d\000\040\000C\000o\000n\000f\000i\000d\000e\000n\000c\000e}{subsection.7.3}% 124
\BOOKMARK [2][-]{subsection.7.4}{\376\377\000M\000o\000d\000e\000l\000\040\000C\000o\000m\000p\000a\000r\000i\000s\000o\000n}{section.7}% 125
\BOOKMARK [1][-]{section.8}{\376\377\000D\000i\000s\000c\000u\000s\000s\000i\000o\000n}{}% 126
\BOOKMARK [2][-]{subsection.8.1}{\376\377\000K\000e\000y\000\040\000F\000i\000n\000d\000i\000n\000g\000s}{section.8}% 127
\BOOKMARK [3][-]{subsubsection.8.1.1}{\376\377\000U\000-\000N\000e\000t\000\040\000P\000e\000r\000f\000o\000r\000m\000a\000n\000c\000e}{subsection.8.1}% 128
\BOOKMARK [3][-]{subsubsection.8.1.2}{\376\377\000A\000r\000c\000h\000i\000t\000e\000c\000t\000u\000r\000e\000\040\000I\000n\000s\000i\000g\000h\000t\000s}{subsection.8.1}% 129
\BOOKMARK [3][-]{subsubsection.8.1.3}{\376\377\000T\000r\000a\000i\000n\000i\000n\000g\000\040\000O\000b\000s\000e\000r\000v\000a\000t\000i\000o\000n\000s}{subsection.8.1}% 130
\BOOKMARK [2][-]{subsection.8.2}{\376\377\000L\000i\000m\000i\000t\000a\000t\000i\000o\000n\000s\000\040\000a\000n\000d\000\040\000C\000h\000a\000l\000l\000e\000n\000g\000e\000s}{section.8}% 131
\BOOKMARK [3][-]{subsubsection.8.2.1}{\376\377\000D\000a\000t\000a\000s\000e\000t\000\040\000L\000i\000m\000i\000t\000a\000t\000i\000o\000n\000s}{subsection.8.2}% 132
\BOOKMARK [3][-]{subsubsection.8.2.2}{\376\377\000M\000o\000d\000e\000l\000\040\000L\000i\000m\000i\000t\000a\000t\000i\000o\000n\000s}{subsection.8.2}% 133
\BOOKMARK [3][-]{subsubsection.8.2.3}{\376\377\000S\000e\000g\000m\000e\000n\000t\000a\000t\000i\000o\000n\000\040\000C\000h\000a\000l\000l\000e\000n\000g\000e\000s}{subsection.8.2}% 134
\BOOKMARK [2][-]{subsection.8.3}{\376\377\000F\000u\000t\000u\000r\000e\000\040\000I\000m\000p\000r\000o\000v\000e\000m\000e\000n\000t\000s}{section.8}% 135
\BOOKMARK [3][-]{subsubsection.8.3.1}{\376\377\000A\000r\000c\000h\000i\000t\000e\000c\000t\000u\000r\000e\000\040\000E\000n\000h\000a\000n\000c\000e\000m\000e\000n\000t\000s}{subsection.8.3}% 136
\BOOKMARK [3][-]{subsubsection.8.3.2}{\376\377\000T\000r\000a\000i\000n\000i\000n\000g\000\040\000I\000m\000p\000r\000o\000v\000e\000m\000e\000n\000t\000s}{subsection.8.3}% 137
\BOOKMARK [3][-]{subsubsection.8.3.3}{\376\377\000E\000v\000a\000l\000u\000a\000t\000i\000o\000n\000\040\000E\000n\000h\000a\000n\000c\000e\000m\000e\000n\000t\000s}{subsection.8.3}% 138
\BOOKMARK [1][-]{section.9}{\376\377\000A\000t\000t\000e\000n\000t\000i\000o\000n\000\040\000U\000-\000N\000e\000t\000\040\000R\000e\000s\000u\000l\000t\000s\000\040\000\050\000Q\000u\000e\000s\000t\000i\000o\000n\000\040\0002\000\051}{}% 139
\BOOKMARK [2][-]{subsection.9.1}{\376\377\000A\000r\000c\000h\000i\000t\000e\000c\000t\000u\000r\000e\000\040\000C\000o\000m\000p\000a\000r\000i\000s\000o\000n}{section.9}% 140
\BOOKMARK [2][-]{subsection.9.2}{\376\377\000P\000e\000r\000f\000o\000r\000m\000a\000n\000c\000e\000\040\000A\000n\000a\000l\000y\000s\000i\000s}{section.9}% 141
\BOOKMARK [2][-]{subsection.9.3}{\376\377\000A\000t\000t\000e\000n\000t\000i\000o\000n\000\040\000V\000i\000s\000u\000a\000l\000i\000z\000a\000t\000i\000o\000n}{section.9}% 142
\BOOKMARK [1][-]{section.10}{\376\377\000C\000o\000n\000c\000l\000u\000s\000i\000o\000n}{}% 143
\BOOKMARK [2][-]{subsection.10.1}{\376\377\000K\000e\000y\000\040\000C\000o\000n\000t\000r\000i\000b\000u\000t\000i\000o\000n\000s}{section.10}% 144
\BOOKMARK [2][-]{subsection.10.2}{\376\377\000M\000a\000i\000n\000\040\000F\000i\000n\000d\000i\000n\000g\000s}{section.10}% 145
\BOOKMARK [2][-]{subsection.10.3}{\376\377\000F\000u\000t\000u\000r\000e\000\040\000W\000o\000r\000k}{section.10}% 146
\BOOKMARK [3][-]{subsubsection.10.3.1}{\376\377\000A\000r\000c\000h\000i\000t\000e\000c\000t\000u\000r\000e\000\040\000I\000m\000p\000r\000o\000v\000e\000m\000e\000n\000t\000s}{subsection.10.3}% 147
\BOOKMARK [3][-]{subsubsection.10.3.2}{\376\377\000T\000r\000a\000i\000n\000i\000n\000g\000\040\000E\000n\000h\000a\000n\000c\000e\000m\000e\000n\000t\000s}{subsection.10.3}% 148
\BOOKMARK [3][-]{subsubsection.10.3.3}{\376\377\000E\000v\000a\000l\000u\000a\000t\000i\000o\000n\000\040\000a\000n\000d\000\040\000A\000p\000p\000l\000i\000c\000a\000t\000i\000o\000n}{subsection.10.3}% 149
\BOOKMARK [2][-]{subsection.10.4}{\376\377\000F\000i\000n\000a\000l\000\040\000R\000e\000m\000a\000r\000k\000s}{section.10}% 150
\BOOKMARK [1][-]{section.11}{\376\377\000A\000c\000k\000n\000o\000w\000l\000e\000d\000g\000m\000e\000n\000t\000s}{}% 151
\BOOKMARK [1][-]{appendix.A}{\376\377\000I\000m\000p\000l\000e\000m\000e\000n\000t\000a\000t\000i\000o\000n\000\040\000D\000e\000t\000a\000i\000l\000s}{}% 152
\BOOKMARK [2][-]{subsection.A.1}{\376\377\000C\000o\000d\000e\000\040\000S\000t\000r\000u\000c\000t\000u\000r\000e}{appendix.A}% 153
\BOOKMARK [2][-]{subsection.A.2}{\376\377\000H\000y\000p\000e\000r\000p\000a\000r\000a\000m\000e\000t\000e\000r\000s}{appendix.A}% 154
\BOOKMARK [2][-]{subsection.A.3}{\376\377\000R\000e\000p\000r\000o\000d\000u\000c\000i\000b\000i\000l\000i\000t\000y}{appendix.A}% 155
\BOOKMARK [1][-]{appendix.B}{\376\377\000A\000d\000d\000i\000t\000i\000o\000n\000a\000l\000\040\000V\000i\000s\000u\000a\000l\000i\000z\000a\000t\000i\000o\000n\000s}{}% 156
\BOOKMARK [2][-]{subsection.B.1}{\376\377\000D\000a\000t\000a\000s\000e\000t\000\040\000S\000a\000m\000p\000l\000e\000s}{appendix.B}% 157
\BOOKMARK [2][-]{subsection.B.2}{\376\377\000T\000r\000a\000i\000n\000i\000n\000g\000\040\000H\000i\000s\000t\000o\000r\000y\000\040\000E\000x\000p\000o\000r\000t}{appendix.B}% 158
\BOOKMARK [1][-]{appendix.C}{\376\377\000C\000o\000d\000e\000\040\000S\000n\000i\000p\000p\000e\000t\000s}{}% 159
\BOOKMARK [2][-]{subsection.C.1}{\376\377\000D\000a\000t\000a\000\040\000P\000r\000e\000p\000r\000o\000c\000e\000s\000s\000i\000n\000g}{appendix.C}% 160
\BOOKMARK [3][-]{subsubsection.C.1.1}{\376\377\000S\000l\000i\000c\000e\000\040\000E\000x\000t\000r\000a\000c\000t\000i\000o\000n\000\040\000F\000u\000n\000c\000t\000i\000o\000n}{subsection.C.1}% 161
\BOOKMARK [3][-]{subsubsection.C.1.2}{\376\377\000P\000a\000d\000d\000i\000n\000g\000\040\000F\000u\000n\000c\000t\000i\000o\000n}{subsection.C.1}% 162
\BOOKMARK [2][-]{subsection.C.2}{\376\377\000U\000-\000N\000e\000t\000\040\000A\000r\000c\000h\000i\000t\000e\000c\000t\000u\000r\000e}{appendix.C}% 163
\BOOKMARK [2][-]{subsection.C.3}{\376\377\000L\000o\000s\000s\000\040\000F\000u\000n\000c\000t\000i\000o\000n}{appendix.C}% 164
\BOOKMARK [3][-]{subsubsection.C.3.1}{\376\377\000D\000i\000c\000e\000\040\000L\000o\000s\000s\000\040\000I\000m\000p\000l\000e\000m\000e\000n\000t\000a\000t\000i\000o\000n}{subsection.C.3}% 165
\BOOKMARK [3][-]{subsubsection.C.3.2}{\376\377\000C\000o\000m\000b\000i\000n\000e\000d\000\040\000L\000o\000s\000s\000\040\000I\000m\000p\000l\000e\000m\000e\000n\000t\000a\000t\000i\000o\000n}{subsection.C.3}% 166
\BOOKMARK [2][-]{subsection.C.4}{\376\377\000M\000e\000t\000r\000i\000c\000s\000\040\000C\000a\000l\000c\000u\000l\000a\000t\000i\000o\000n}{appendix.C}% 167
\BOOKMARK [3][-]{subsubsection.C.4.1}{\376\377\000D\000i\000c\000e\000\040\000S\000c\000o\000r\000e\000\040\000C\000a\000l\000c\000u\000l\000a\000t\000i\000o\000n}{subsection.C.4}% 168
\BOOKMARK [1][-]{appendix.D}{\376\377\000A\000d\000d\000i\000t\000i\000o\000n\000a\000l\000\040\000I\000m\000p\000l\000e\000m\000e\000n\000t\000a\000t\000i\000o\000n\000\040\000D\000e\000t\000a\000i\000l\000s}{}% 169
\BOOKMARK [2][-]{subsection.D.1}{\376\377\000T\000r\000a\000i\000n\000i\000n\000g\000\040\000L\000o\000o\000p\000\040\000I\000m\000p\000l\000e\000m\000e\000n\000t\000a\000t\000i\000o\000n}{appendix.D}% 170
\BOOKMARK [2][-]{subsection.D.2}{\376\377\000E\000v\000a\000l\000u\000a\000t\000i\000o\000n\000\040\000P\000i\000p\000e\000l\000i\000n\000e}{appendix.D}% 171
\BOOKMARK [2][-]{subsection.D.3}{\376\377\000V\000i\000s\000u\000a\000l\000i\000z\000a\000t\000i\000o\000n\000\040\000U\000t\000i\000l\000i\000t\000i\000e\000s}{appendix.D}% 172
\BOOKMARK [1][-]{appendix.E}{\376\377\000C\000o\000m\000p\000u\000t\000a\000t\000i\000o\000n\000a\000l\000\040\000R\000e\000s\000o\000u\000r\000c\000e\000s}{}% 173
\BOOKMARK [2][-]{subsection.E.1}{\376\377\000T\000r\000a\000i\000n\000i\000n\000g\000\040\000T\000i\000m\000e}{appendix.E}% 174
\BOOKMARK [2][-]{subsection.E.2}{\376\377\000M\000e\000m\000o\000r\000y\000\040\000R\000e\000q\000u\000i\000r\000e\000m\000e\000n\000t\000s}{appendix.E}% 175
\BOOKMARK [1][-]{appendix.F}{\376\377\000R\000e\000p\000r\000o\000d\000u\000c\000i\000b\000i\000l\000i\000t\000y\000\040\000C\000h\000e\000c\000k\000l\000i\000s\000t}{}% 176
\BOOKMARK [1][-]{appendix.G}{\376\377\000E\000r\000r\000o\000r\000\040\000A\000n\000a\000l\000y\000s\000i\000s\000\040\000D\000e\000t\000a\000i\000l\000s}{}% 177
\BOOKMARK [2][-]{subsection.G.1}{\376\377\000C\000o\000m\000m\000o\000n\000\040\000E\000r\000r\000o\000r\000\040\000P\000a\000t\000t\000e\000r\000n\000s}{appendix.G}% 178
\BOOKMARK [2][-]{subsection.G.2}{\376\377\000E\000r\000r\000o\000r\000\040\000M\000i\000t\000i\000g\000a\000t\000i\000o\000n\000\040\000S\000t\000r\000a\000t\000e\000g\000i\000e\000s}{appendix.G}% 179
