\BOOKMARK [1][-]{section.1}{\376\377\000I\000n\000t\000r\000o\000d\000u\000c\000t\000i\000o\000n}{}% 1
\BOOKMARK [1][-]{section.2}{\376\377\000Q\000u\000e\000s\000t\000i\000o\000n\000\040\0001\000:\000\040\000R\000N\000N\000\040\000M\000o\000d\000e\000l\000s\000\040\000f\000o\000r\000\040\000S\000L\000U\000\040\000\050\000D\000e\000t\000a\000i\000l\000e\000d\000\040\000A\000n\000s\000w\000e\000r\000s\000\040\000a\000n\000d\000\040\000C\000o\000m\000p\000l\000e\000t\000e\000\040\000S\000o\000l\000u\000t\000i\000o\000n\000s\000\051}{}% 2
\BOOKMARK [2][-]{subsection.2.1}{\376\377\0001\000.\0001\000\040\000D\000a\000t\000a\000\040\000P\000r\000e\000p\000a\000r\000a\000t\000i\000o\000n\000\040\000\050\0001\0002\000\040\000p\000o\000i\000n\000t\000s\000;\000\040\000f\000u\000l\000l\000\040\000e\000x\000p\000o\000s\000i\000t\000i\000o\000n\000\051}{section.2}% 3
\BOOKMARK [3][-]{subsubsection.2.1.1}{\376\377\000E\000x\000p\000l\000o\000r\000a\000t\000i\000o\000n\000\040\000a\000n\000d\000\040\000d\000a\000t\000a\000s\000e\000t\000\040\000s\000t\000a\000t\000i\000s\000t\000i\000c\000s}{subsection.2.1}% 4
\BOOKMARK [3][-]{subsubsection.2.1.2}{\376\377\000T\000o\000k\000e\000n\000i\000z\000a\000t\000i\000o\000n\000:\000\040\000m\000e\000t\000h\000o\000d\000s\000,\000\040\000t\000r\000a\000d\000e\000o\000f\000f\000s\000,\000\040\000a\000n\000d\000\040\000i\000m\000p\000l\000e\000m\000e\000n\000t\000a\000t\000i\000o\000n\000\040\000c\000o\000n\000s\000i\000d\000e\000r\000a\000t\000i\000o\000n\000s}{subsection.2.1}% 5
\BOOKMARK [3][-]{subsubsection.2.1.3}{\376\377\000V\000o\000c\000a\000b\000u\000l\000a\000r\000y\000\040\000c\000o\000n\000s\000t\000r\000u\000c\000t\000i\000o\000n\000\040\000a\000n\000d\000\040\000i\000m\000p\000l\000e\000m\000e\000n\000t\000a\000t\000i\000o\000n\000\040\000d\000e\000t\000a\000i\000l\000s}{subsection.2.1}% 6
\BOOKMARK [3][-]{subsubsection.2.1.4}{\376\377\000S\000p\000e\000c\000i\000a\000l\000\040\000t\000o\000k\000e\000n\000s\000:\000\040\000c\000o\000m\000p\000r\000e\000h\000e\000n\000s\000i\000v\000e\000\040\000r\000o\000l\000e\000s\000\040\000a\000n\000d\000\040\000i\000m\000p\000l\000e\000m\000e\000n\000t\000a\000t\000i\000o\000n}{subsection.2.1}% 7
\BOOKMARK [3][-]{subsubsection.2.1.5}{\376\377\000C\000o\000l\000l\000a\000t\000e\000\040\000f\000u\000n\000c\000t\000i\000o\000n\000\040\040\024\000\040\000d\000y\000n\000a\000m\000i\000c\000\040\000p\000a\000d\000d\000i\000n\000g\000\040\000w\000i\000t\000h\000\040\000c\000o\000m\000p\000r\000e\000h\000e\000n\000s\000i\000v\000e\000\040\000a\000n\000a\000l\000y\000s\000i\000s}{subsection.2.1}% 8
\BOOKMARK [2][-]{subsection.2.2}{\376\377\0001\000.\0002\000\040\000B\000a\000s\000e\000l\000i\000n\000e\000\040\000M\000o\000d\000e\000l\000:\000\040\000B\000i\000R\000N\000N\000\040\000\050\0001\0006\000\040\000p\000o\000i\000n\000t\000s\000\051\000\040\040\024\000\040\000c\000o\000m\000p\000l\000e\000t\000e}{section.2}% 9
\BOOKMARK [3][-]{subsubsection.2.2.1}{\376\377\000F\000o\000r\000m\000a\000l\000\040\000m\000o\000d\000e\000l\000\040\000d\000e\000f\000i\000n\000i\000t\000i\000o\000n}{subsection.2.2}% 10
\BOOKMARK [3][-]{subsubsection.2.2.2}{\376\377\000H\000y\000p\000e\000r\000p\000a\000r\000a\000m\000e\000t\000e\000r\000s\000\040\000a\000n\000d\000\040\000r\000e\000c\000o\000m\000m\000e\000n\000d\000e\000d\000\040\000t\000r\000a\000i\000n\000i\000n\000g\000\040\000r\000e\000c\000i\000p\000e}{subsection.2.2}% 11
\BOOKMARK [3][-]{subsubsection.2.2.3}{\376\377\000E\000v\000a\000l\000u\000a\000t\000i\000o\000n\000\040\000p\000r\000o\000t\000o\000c\000o\000l}{subsection.2.2}% 12
\BOOKMARK [2][-]{subsection.2.3}{\376\377\0001\000.\0003\000\040\000B\000i\000L\000S\000T\000M\000\040\000J\000o\000i\000n\000t\000\040\000M\000o\000d\000e\000l\000\040\000\050\0002\0004\000\040\000p\000o\000i\000n\000t\000s\000\051\000\040\040\024\000\040\000c\000o\000m\000p\000l\000e\000t\000e}{section.2}% 13
\BOOKMARK [3][-]{subsubsection.2.3.1}{\376\377\000M\000o\000d\000e\000l\000\040\000a\000r\000c\000h\000i\000t\000e\000c\000t\000u\000r\000e\000\040\000a\000n\000d\000\040\000i\000n\000t\000e\000n\000t\000\040\000p\000o\000o\000l\000i\000n\000g}{subsection.2.3}% 14
\BOOKMARK [3][-]{subsubsection.2.3.2}{\376\377\000A\000d\000v\000a\000n\000t\000a\000g\000e\000s\000\040\000o\000f\000\040\000j\000o\000i\000n\000t\000\040\000l\000e\000a\000r\000n\000i\000n\000g}{subsection.2.3}% 15
\BOOKMARK [2][-]{subsection.2.4}{\376\377\0001\000.\0004\000\040\000E\000n\000c\000o\000d\000e\000r\040\023\000D\000e\000c\000o\000d\000e\000r\000\040\000n\000o\000n\000-\000a\000l\000i\000g\000n\000e\000d\000\040\000j\000o\000i\000n\000t\000\040\000m\000o\000d\000e\000l\000\040\000\050\0004\0008\000\040\000p\000o\000i\000n\000t\000s\000\051\000\040\040\024\000\040\000d\000e\000t\000a\000i\000l\000e\000d\000\040\000i\000m\000p\000l\000e\000m\000e\000n\000t\000a\000t\000i\000o\000n\000\040\000a\000n\000d\000\040\000t\000h\000e\000o\000r\000y}{section.2}% 16
\BOOKMARK [3][-]{subsubsection.2.4.1}{\376\377\000W\000h\000y\000\040\000a\000n\000\040\000e\000n\000c\000o\000d\000e\000r\000-\000d\000e\000c\000o\000d\000e\000r\000?}{subsection.2.4}% 17
\BOOKMARK [3][-]{subsubsection.2.4.2}{\376\377\000T\000r\000a\000i\000n\000i\000n\000g\000:\000\040\000t\000e\000a\000c\000h\000e\000r\000\040\000f\000o\000r\000c\000i\000n\000g\000\040\000a\000n\000d\000\040\000s\000c\000h\000e\000d\000u\000l\000e\000d\000\040\000s\000a\000m\000p\000l\000i\000n\000g}{subsection.2.4}% 18
\BOOKMARK [3][-]{subsubsection.2.4.3}{\376\377\000D\000e\000c\000o\000d\000i\000n\000g\000:\000\040\000g\000r\000e\000e\000d\000y\000\040\000v\000s\000\040\000b\000e\000a\000m\000\040\000s\000e\000a\000r\000c\000h\000\040\000a\000n\000d\000\040\000B\000I\000O\000\040\000c\000o\000n\000s\000t\000r\000a\000i\000n\000t\000s}{subsection.2.4}% 19
\BOOKMARK [2][-]{subsection.2.5}{\376\377\0001\000.\0005\000\040\000P\000r\000a\000c\000t\000i\000c\000a\000l\000\040\000r\000e\000c\000o\000m\000m\000e\000n\000d\000a\000t\000i\000o\000n\000s\000\040\000a\000n\000d\000\040\000a\000b\000l\000a\000t\000i\000o\000n\000s}{section.2}% 20
\BOOKMARK [2][-]{subsection.2.6}{\376\377\0001\000.\0006\000\040\000E\000x\000a\000m\000p\000l\000e\000\040\000e\000v\000a\000l\000u\000a\000t\000i\000o\000n\000\040\000o\000u\000t\000p\000u\000t\000s\000\040\000a\000n\000d\000\040\000e\000x\000p\000l\000a\000i\000n\000a\000b\000i\000l\000i\000t\000y\000\040\000a\000r\000t\000i\000f\000a\000c\000t\000s}{section.2}% 21
\BOOKMARK [3][-]{subsubsection.2.6.1}{\376\377\000C\000o\000l\000l\000a\000t\000e\000\040\000f\000u\000n\000c\000t\000i\000o\000n\000\040\000\050\000d\000y\000n\000a\000m\000i\000c\000\040\000p\000a\000d\000d\000i\000n\000g\000\051}{subsection.2.6}% 22
\BOOKMARK [2][-]{subsection.2.7}{\376\377\0001\000.\0002\000\040\000B\000a\000s\000e\000l\000i\000n\000e\000\040\000M\000o\000d\000e\000l\000:\000\040\000B\000i\000R\000N\000N\000\040\000\050\0001\0006\000\040\000p\000o\000i\000n\000t\000s\000\051}{section.2}% 23
\BOOKMARK [2][-]{subsection.2.8}{\376\377\0001\000.\0003\000\040\000B\000i\000L\000S\000T\000M\000\040\000J\000o\000i\000n\000t\000\040\000M\000o\000d\000e\000l\000\040\000\050\0002\0004\000\040\000p\000o\000i\000n\000t\000s\000\051}{section.2}% 24
\BOOKMARK [2][-]{subsection.2.9}{\376\377\0001\000.\0004\000\040\000E\000n\000c\000o\000d\000e\000r\040\023\000D\000e\000c\000o\000d\000e\000r\000\040\000n\000o\000n\000-\000a\000l\000i\000g\000n\000e\000d\000\040\000j\000o\000i\000n\000t\000\040\000m\000o\000d\000e\000l\000\040\000\050\0004\0008\000\040\000p\000o\000i\000n\000t\000s\000\051}{section.2}% 25
\BOOKMARK [1][-]{section.3}{\376\377\000Q\000u\000e\000s\000t\000i\000o\000n\000\040\0001\000:\000\040\000I\000m\000p\000l\000e\000m\000e\000n\000t\000a\000t\000i\000o\000n\000\040\000d\000e\000t\000a\000i\000l\000s\000\040\000a\000n\000d\000\040\000s\000a\000m\000p\000l\000e\000\040\000r\000e\000s\000u\000l\000t\000s}{}% 26
\BOOKMARK [1][-]{section.4}{\376\377\000Q\000u\000e\000s\000t\000i\000o\000n\000\040\0002\000:\000\040\000S\000t\000o\000c\000k\000\040\000P\000r\000i\000c\000e\000\040\000P\000r\000e\000d\000i\000c\000t\000i\000o\000n\000\040\000u\000s\000i\000n\000g\000\040\000R\000e\000c\000u\000r\000s\000i\000v\000e\000\040\000A\000r\000c\000h\000i\000t\000e\000c\000t\000u\000r\000e\000s\000\040\000\050\000C\000o\000m\000p\000l\000e\000t\000e\000\040\000A\000n\000s\000w\000e\000r\000s\000\051}{}% 27
\BOOKMARK [2][-]{subsection.4.1}{\376\377\0002\000.\0001\000\040\000D\000a\000t\000a\000\040\000P\000r\000e\000p\000r\000o\000c\000e\000s\000s\000i\000n\000g\000\040\000\050\0002\0000\000\040\000p\000o\000i\000n\000t\000s\000\051\000\040\040\024\000\040\000d\000e\000t\000a\000i\000l\000e\000d\000\040\000a\000n\000s\000w\000e\000r\000s}{section.4}% 28
\BOOKMARK [3][-]{subsubsection.4.1.1}{\376\377\000D\000a\000t\000a\000\040\000r\000e\000t\000r\000i\000e\000v\000a\000l\000\040\000a\000n\000d\000\040\000c\000o\000m\000p\000r\000e\000h\000e\000n\000s\000i\000v\000e\000\040\000v\000e\000r\000i\000f\000i\000c\000a\000t\000i\000o\000n}{subsection.4.1}% 29
\BOOKMARK [3][-]{subsubsection.4.1.2}{\376\377\000F\000e\000a\000t\000u\000r\000e\000\040\000e\000n\000g\000i\000n\000e\000e\000r\000i\000n\000g\000:\000\040\000c\000y\000c\000l\000i\000c\000a\000l\000\040\000e\000n\000c\000o\000d\000i\000n\000g\000,\000\040\000t\000e\000m\000p\000o\000r\000a\000l\000\040\000f\000e\000a\000t\000u\000r\000e\000s\000,\000\040\000a\000n\000d\000\040\000d\000o\000m\000a\000i\000n\000\040\000k\000n\000o\000w\000l\000e\000d\000g\000e\000\040\000i\000n\000t\000e\000g\000r\000a\000t\000i\000o\000n}{subsection.4.1}% 30
\BOOKMARK [3][-]{subsubsection.4.1.3}{\376\377\000S\000t\000a\000t\000i\000o\000n\000a\000r\000i\000t\000y\000,\000\040\000A\000C\000F\000/\000P\000A\000C\000F\000\040\000a\000n\000d\000\040\000d\000i\000f\000f\000e\000r\000e\000n\000c\000i\000n\000g\000\040\000\050\000t\000e\000c\000h\000n\000i\000c\000a\000l\000\051}{subsection.4.1}% 31
\BOOKMARK [3][-]{subsubsection.4.1.4}{\376\377\000D\000i\000f\000f\000e\000r\000e\000n\000c\000i\000n\000g\000\040\000a\000n\000d\000\040\000t\000r\000a\000n\000s\000f\000o\000r\000m\000a\000t\000i\000o\000n\000s}{subsection.4.1}% 32
\BOOKMARK [3][-]{subsubsection.4.1.5}{\376\377\000E\000r\000g\000o\000d\000i\000c\000i\000t\000y\000\040\000a\000n\000d\000\040\000f\000i\000n\000a\000n\000c\000i\000a\000l\000\040\000t\000i\000m\000e\000\040\000s\000e\000r\000i\000e\000s}{subsection.4.1}% 33
\BOOKMARK [3][-]{subsubsection.4.1.6}{\376\377\000W\000i\000n\000d\000o\000w\000i\000n\000g\000,\000\040\000s\000p\000l\000i\000t\000t\000i\000n\000g\000\040\000a\000n\000d\000\040\000n\000o\000r\000m\000a\000l\000i\000z\000a\000t\000i\000o\000n\000\040\040\024\000\040\000e\000x\000p\000l\000i\000c\000i\000t\000\040\000r\000e\000c\000i\000p\000e}{subsection.4.1}% 34
\BOOKMARK [2][-]{subsection.4.2}{\376\377\0002\000.\0002\000\040\000B\000a\000s\000e\000l\000i\000n\000e\000\040\000M\000o\000d\000e\000l\000\040\000\050\0001\0000\000\040\000p\000o\000i\000n\000t\000s\000\051\000\040\040\024\000\040\000M\000L\000P\000:\000\040\000a\000r\000c\000h\000i\000t\000e\000c\000t\000u\000r\000e\000,\000\040\000t\000r\000a\000i\000n\000i\000n\000g\000\040\000a\000n\000d\000\040\000e\000v\000a\000l\000u\000a\000t\000i\000o\000n}{section.4}% 35
\BOOKMARK [3][-]{subsubsection.4.2.1}{\376\377\000A\000r\000c\000h\000i\000t\000e\000c\000t\000u\000r\000e}{subsection.4.2}% 36
\BOOKMARK [3][-]{subsubsection.4.2.2}{\376\377\000E\000v\000a\000l\000u\000a\000t\000i\000o\000n\000\040\000m\000e\000t\000r\000i\000c\000s}{subsection.4.2}% 37
\BOOKMARK [2][-]{subsection.4.3}{\376\377\0002\000.\0003\000\040\000R\000e\000c\000u\000r\000s\000i\000v\000e\000\040\000a\000r\000c\000h\000i\000t\000e\000c\000t\000u\000r\000e\000s\000\040\000\050\0005\0000\000\040\000p\000o\000i\000n\000t\000s\000\051\000:\000\040\000C\000N\000N\000+\000L\000S\000T\000M\000\040\000a\000n\000d\000\040\000C\000N\000N\000+\000G\000R\000U}{section.4}% 38
\BOOKMARK [3][-]{subsubsection.4.3.1}{\376\377\000W\000h\000y\000\040\000C\000o\000n\000v\0001\000D\000\040\000+\000\040\000R\000N\000N\000?}{subsection.4.3}% 39
\BOOKMARK [3][-]{subsubsection.4.3.2}{\376\377\000D\000e\000s\000i\000g\000n\000\040\000c\000h\000o\000i\000c\000e\000s}{subsection.4.3}% 40
\BOOKMARK [3][-]{subsubsection.4.3.3}{\376\377\000P\000r\000a\000c\000t\000i\000c\000a\000l\000\040\000h\000y\000p\000e\000r\000p\000a\000r\000a\000m\000e\000t\000e\000r\000s\000\040\000a\000n\000d\000\040\000t\000r\000a\000i\000n\000i\000n\000g\000\040\000g\000o\000a\000l\000s}{subsection.4.3}% 41
\BOOKMARK [2][-]{subsection.4.4}{\376\377\0002\000.\0004\000\040\000G\000R\000U\000\040\000v\000s\000\040\000L\000S\000T\000M\000\040\040\024\000\040\000s\000h\000o\000r\000t\000\040\000c\000o\000m\000p\000a\000r\000i\000s\000o\000n}{section.4}% 42
\BOOKMARK [2][-]{subsection.4.5}{\376\377\0002\000.\0005\000\040\000C\000N\000N\000-\000o\000n\000l\000y\000\040\000\050\000T\000C\000N\000-\000l\000i\000k\000e\000\051\000\040\000l\000i\000g\000h\000t\000w\000e\000i\000g\000h\000t\000\040\000m\000o\000d\000e\000l}{section.4}% 43
\BOOKMARK [2][-]{subsection.4.6}{\376\377\0002\000.\0006\000\040\000M\000u\000l\000t\000i\000-\000s\000t\000e\000p\000\040\000f\000o\000r\000e\000c\000a\000s\000t\000i\000n\000g\000\040\000s\000t\000r\000a\000t\000e\000g\000i\000e\000s\000\040\000a\000n\000d\000\040\000s\000t\000a\000b\000i\000l\000i\000t\000y}{section.4}% 44
\BOOKMARK [2][-]{subsection.4.7}{\376\377\0002\000.\0007\000\040\000M\000o\000d\000e\000l\000\040\000c\000o\000m\000p\000a\000r\000i\000s\000o\000n\000,\000\040\000c\000o\000m\000p\000u\000t\000a\000t\000i\000o\000n\000a\000l\000\040\000r\000e\000p\000o\000r\000t\000i\000n\000g\000\040\000a\000n\000d\000\040\000F\000L\000O\000P\000s}{section.4}% 45
\BOOKMARK [2][-]{subsection.4.8}{\376\377\0002\000.\0002\000\040\000B\000a\000s\000e\000l\000i\000n\000e\000\040\000M\000L\000P\000\040\000\050\0001\0000\000\040\000p\000o\000i\000n\000t\000s\000\051}{section.4}% 46
\BOOKMARK [2][-]{subsection.4.9}{\376\377\0002\000.\0003\000\040\000R\000e\000c\000u\000r\000s\000i\000v\000e\000\040\000N\000e\000u\000r\000a\000l\000\040\000N\000e\000t\000w\000o\000r\000k\000\040\000M\000o\000d\000e\000l\000s\000\040\000\050\0005\0000\000\040\000p\000o\000i\000n\000t\000s\000\051}{section.4}% 47
\BOOKMARK [2][-]{subsection.4.10}{\376\377\0002\000.\0004\000\040\000C\000o\000m\000p\000a\000r\000i\000s\000o\000n\000\040\000a\000n\000d\000\040\000A\000n\000a\000l\000y\000s\000i\000s}{section.4}% 48
\BOOKMARK [2][-]{subsection.4.11}{\376\377\0002\000.\0005\000\040\000B\000o\000n\000u\000s\000:\000\040\000C\000N\000N\000-\000o\000n\000l\000y\000\040\000n\000e\000t\000w\000o\000r\000k\000\040\000\050\000T\000C\000N\000-\000l\000i\000k\000e\000\051}{section.4}% 49
\BOOKMARK [1][-]{section.5}{\376\377\000M\000u\000l\000t\000i\000-\000s\000t\000e\000p\000\040\000R\000e\000c\000u\000r\000s\000i\000v\000e\000\040\000F\000o\000r\000e\000c\000a\000s\000t\000i\000n\000g\000\040\000a\000n\000d\000\040\000S\000t\000a\000b\000i\000l\000i\000t\000y}{}% 50
\BOOKMARK [1][-]{section.6}{\376\377\000E\000v\000a\000l\000u\000a\000t\000i\000o\000n\000\040\000M\000e\000t\000r\000i\000c\000s\000\040\000a\000n\000d\000\040\000I\000m\000p\000l\000e\000m\000e\000n\000t\000a\000t\000i\000o\000n\000\040\000N\000o\000t\000e\000s}{}% 51
\BOOKMARK [1][-]{section.7}{\376\377\000R\000e\000p\000r\000o\000d\000u\000c\000i\000b\000i\000l\000i\000t\000y\000\040\000a\000n\000d\000\040\000U\000s\000a\000g\000e}{}% 52
\BOOKMARK [1][-]{section.8}{\376\377\000R\000e\000s\000u\000l\000t\000s\000\040\000a\000n\000d\000\040\000D\000i\000s\000c\000u\000s\000s\000i\000o\000n}{}% 53
\BOOKMARK [2][-]{subsection.8.1}{\376\377\000S\000p\000o\000k\000e\000n\000\040\000L\000a\000n\000g\000u\000a\000g\000e\000\040\000U\000n\000d\000e\000r\000s\000t\000a\000n\000d\000i\000n\000g\000\040\000R\000e\000s\000u\000l\000t\000s}{section.8}% 54
\BOOKMARK [3][-]{subsubsection.8.1.1}{\376\377\000J\000o\000i\000n\000t\000\040\000v\000s\000.\000\040\000S\000e\000p\000a\000r\000a\000t\000e\000\040\000L\000e\000a\000r\000n\000i\000n\000g\000\040\000A\000n\000a\000l\000y\000s\000i\000s}{subsection.8.1}% 55
\BOOKMARK [3][-]{table.caption.5}{\376\377\000C\000o\000m\000p\000u\000t\000a\000t\000i\000o\000n\000a\000l\000\040\000P\000e\000r\000f\000o\000r\000m\000a\000n\000c\000e\000\040\000A\000n\000a\000l\000y\000s\000i\000s}{subsection.8.1}% 56
\BOOKMARK [2][-]{subsection.8.2}{\376\377\000T\000i\000m\000e\000-\000S\000e\000r\000i\000e\000s\000\040\000F\000o\000r\000e\000c\000a\000s\000t\000i\000n\000g\000\040\000R\000e\000s\000u\000l\000t\000s}{section.8}% 57
\BOOKMARK [3][-]{subsubsection.8.2.1}{\376\377\000R\000e\000c\000u\000r\000s\000i\000v\000e\000\040\000A\000r\000c\000h\000i\000t\000e\000c\000t\000u\000r\000e\000\040\000P\000e\000r\000f\000o\000r\000m\000a\000n\000c\000e}{subsection.8.2}% 58
\BOOKMARK [3][-]{subsubsection.8.2.2}{\376\377\000M\000u\000l\000t\000i\000-\000s\000t\000e\000p\000\040\000F\000o\000r\000e\000c\000a\000s\000t\000i\000n\000g\000\040\000A\000n\000a\000l\000y\000s\000i\000s}{subsection.8.2}% 59
\BOOKMARK [2][-]{subsection.8.3}{\376\377\000C\000r\000o\000s\000s\000-\000T\000a\000s\000k\000\040\000I\000n\000s\000i\000g\000h\000t\000s\000\040\000a\000n\000d\000\040\000T\000h\000e\000o\000r\000e\000t\000i\000c\000a\000l\000\040\000I\000m\000p\000l\000i\000c\000a\000t\000i\000o\000n\000s}{section.8}% 60
\BOOKMARK [3][-]{subsubsection.8.3.1}{\376\377\000A\000r\000c\000h\000i\000t\000e\000c\000t\000u\000r\000a\000l\000\040\000D\000e\000s\000i\000g\000n\000\040\000P\000r\000i\000n\000c\000i\000p\000l\000e\000s}{subsection.8.3}% 61
\BOOKMARK [3][-]{subsubsection.8.3.2}{\376\377\000L\000i\000m\000i\000t\000a\000t\000i\000o\000n\000s\000\040\000a\000n\000d\000\040\000F\000u\000t\000u\000r\000e\000\040\000D\000i\000r\000e\000c\000t\000i\000o\000n\000s}{subsection.8.3}% 62
\BOOKMARK [3][-]{subsubsection.8.3.3}{\376\377\000P\000r\000a\000c\000t\000i\000c\000a\000l\000\040\000D\000e\000p\000l\000o\000y\000m\000e\000n\000t\000\040\000C\000o\000n\000s\000i\000d\000e\000r\000a\000t\000i\000o\000n\000s}{subsection.8.3}% 63
\BOOKMARK [2][-]{subsection.8.4}{\376\377\000C\000o\000n\000c\000l\000u\000s\000i\000o\000n\000\040\000a\000n\000d\000\040\000K\000e\000y\000\040\000T\000a\000k\000e\000a\000w\000a\000y\000s}{section.8}% 64
\BOOKMARK [1][-]{section.9}{\376\377\000R\000e\000l\000a\000t\000e\000d\000\040\000W\000o\000r\000k\000\040\000a\000n\000d\000\040\000L\000i\000t\000e\000r\000a\000t\000u\000r\000e\000\040\000C\000o\000n\000t\000e\000x\000t}{}% 65
\BOOKMARK [2][-]{subsection.9.1}{\376\377\000S\000p\000o\000k\000e\000n\000\040\000L\000a\000n\000g\000u\000a\000g\000e\000\040\000U\000n\000d\000e\000r\000s\000t\000a\000n\000d\000i\000n\000g\000:\000\040\000H\000i\000s\000t\000o\000r\000i\000c\000a\000l\000\040\000E\000v\000o\000l\000u\000t\000i\000o\000n\000\040\000a\000n\000d\000\040\000M\000o\000d\000e\000r\000n\000\040\000A\000p\000p\000r\000o\000a\000c\000h\000e\000s}{section.9}% 66
\BOOKMARK [3][-]{subsubsection.9.1.1}{\376\377\000T\000r\000a\000d\000i\000t\000i\000o\000n\000a\000l\000\040\000P\000i\000p\000e\000l\000i\000n\000e\000\040\000A\000p\000p\000r\000o\000a\000c\000h\000e\000s}{subsection.9.1}% 67
\BOOKMARK [3][-]{subsubsection.9.1.2}{\376\377\000N\000e\000u\000r\000a\000l\000\040\000N\000e\000t\000w\000o\000r\000k\000\040\000R\000e\000v\000o\000l\000u\000t\000i\000o\000n}{subsection.9.1}% 68
\BOOKMARK [3][-]{subsubsection.9.1.3}{\376\377\000E\000n\000c\000o\000d\000e\000r\000-\000D\000e\000c\000o\000d\000e\000r\000\040\000A\000r\000c\000h\000i\000t\000e\000c\000t\000u\000r\000e\000s\000\040\000f\000o\000r\000\040\000S\000L\000U}{subsection.9.1}% 69
\BOOKMARK [2][-]{subsection.9.2}{\376\377\000T\000i\000m\000e\000-\000S\000e\000r\000i\000e\000s\000\040\000F\000o\000r\000e\000c\000a\000s\000t\000i\000n\000g\000:\000\040\000F\000r\000o\000m\000\040\000S\000t\000a\000t\000i\000s\000t\000i\000c\000a\000l\000\040\000M\000e\000t\000h\000o\000d\000s\000\040\000t\000o\000\040\000D\000e\000e\000p\000\040\000L\000e\000a\000r\000n\000i\000n\000g}{section.9}% 70
\BOOKMARK [3][-]{subsubsection.9.2.1}{\376\377\000C\000l\000a\000s\000s\000i\000c\000a\000l\000\040\000S\000t\000a\000t\000i\000s\000t\000i\000c\000a\000l\000\040\000A\000p\000p\000r\000o\000a\000c\000h\000e\000s}{subsection.9.2}% 71
\BOOKMARK [3][-]{subsubsection.9.2.2}{\376\377\000M\000a\000c\000h\000i\000n\000e\000\040\000L\000e\000a\000r\000n\000i\000n\000g\000\040\000E\000r\000a}{subsection.9.2}% 72
\BOOKMARK [3][-]{subsubsection.9.2.3}{\376\377\000D\000e\000e\000p\000\040\000L\000e\000a\000r\000n\000i\000n\000g\000\040\000R\000e\000v\000o\000l\000u\000t\000i\000o\000n}{subsection.9.2}% 73
\BOOKMARK [3][-]{subsubsection.9.2.4}{\376\377\000H\000y\000b\000r\000i\000d\000\040\000a\000n\000d\000\040\000A\000d\000v\000a\000n\000c\000e\000d\000\040\000A\000r\000c\000h\000i\000t\000e\000c\000t\000u\000r\000e\000s}{subsection.9.2}% 74
\BOOKMARK [2][-]{subsection.9.3}{\376\377\000G\000a\000p\000s\000\040\000A\000d\000d\000r\000e\000s\000s\000e\000d\000\040\000b\000y\000\040\000O\000u\000r\000\040\000W\000o\000r\000k}{section.9}% 75
\BOOKMARK [3][-]{subsubsection.9.3.1}{\376\377\000M\000e\000t\000h\000o\000d\000o\000l\000o\000g\000i\000c\000a\000l\000\040\000C\000o\000n\000t\000r\000i\000b\000u\000t\000i\000o\000n\000s}{subsection.9.3}% 76
\BOOKMARK [3][-]{subsubsection.9.3.2}{\376\377\000R\000e\000s\000e\000a\000r\000c\000h\000\040\000G\000a\000p\000s\000\040\000F\000i\000l\000l\000e\000d}{subsection.9.3}% 77
\BOOKMARK [3][-]{subsubsection.9.3.3}{\376\377\000F\000u\000t\000u\000r\000e\000\040\000R\000e\000s\000e\000a\000r\000c\000h\000\040\000D\000i\000r\000e\000c\000t\000i\000o\000n\000s}{subsection.9.3}% 78
\BOOKMARK [1][-]{section.10}{\376\377\000T\000h\000e\000o\000r\000e\000t\000i\000c\000a\000l\000\040\000B\000a\000c\000k\000g\000r\000o\000u\000n\000d\000\040\000a\000n\000d\000\040\000D\000e\000r\000i\000v\000a\000t\000i\000o\000n\000s}{}% 79
\BOOKMARK [2][-]{subsection.10.1}{\376\377\000R\000N\000N\000s\000,\000\040\000L\000S\000T\000M\000s\000\040\000a\000n\000d\000\040\000G\000R\000U\000s\000:\000\040\000T\000h\000e\000o\000r\000e\000t\000i\000c\000a\000l\000\040\000F\000o\000u\000n\000d\000a\000t\000i\000o\000n\000s\000\040\000a\000n\000d\000\040\000D\000e\000s\000i\000g\000n\000\040\000P\000r\000i\000n\000c\000i\000p\000l\000e\000s}{section.10}% 80
\BOOKMARK [2][-]{subsection.10.2}{\376\377\000C\000r\000o\000s\000s\000-\000E\000n\000t\000r\000o\000p\000y\000,\000\040\000M\000a\000s\000k\000i\000n\000g\000\040\000a\000n\000d\000\040\000L\000o\000s\000s\000\040\000A\000g\000g\000r\000e\000g\000a\000t\000i\000o\000n}{section.10}% 81
\BOOKMARK [2][-]{subsection.10.3}{\376\377\000C\000o\000n\000d\000i\000t\000i\000o\000n\000a\000l\000\040\000R\000a\000n\000d\000o\000m\000\040\000F\000i\000e\000l\000d\000s\000\040\000\050\000C\000R\000F\000\051\000\040\000f\000o\000r\000\040\000s\000e\000q\000u\000e\000n\000c\000e\000\040\000l\000a\000b\000e\000l\000i\000n\000g}{section.10}% 82
\BOOKMARK [1][-]{section.11}{\376\377\000A\000l\000g\000o\000r\000i\000t\000h\000m\000s\000\040\000a\000n\000d\000\040\000P\000s\000e\000u\000d\000o\000c\000o\000d\000e}{}% 83
\BOOKMARK [2][-]{subsection.11.1}{\376\377\000T\000e\000a\000c\000h\000e\000r\000\040\000F\000o\000r\000c\000i\000n\000g\000\040\000w\000i\000t\000h\000\040\000S\000c\000h\000e\000d\000u\000l\000e\000d\000\040\000S\000a\000m\000p\000l\000i\000n\000g}{section.11}% 84
\BOOKMARK [2][-]{subsection.11.2}{\376\377\000G\000r\000e\000e\000d\000y\000\040\000D\000e\000c\000o\000d\000i\000n\000g\000\040\000v\000s\000\040\000B\000e\000a\000m\000\040\000S\000e\000a\000r\000c\000h\000\040\000\050\000d\000e\000c\000o\000d\000e\000r\000\051}{section.11}% 85
\BOOKMARK [1][-]{section.12}{\376\377\000E\000x\000p\000e\000r\000i\000m\000e\000n\000t\000a\000l\000\040\000D\000e\000s\000i\000g\000n\000\040\000a\000n\000d\000\040\000H\000y\000p\000e\000r\000p\000a\000r\000a\000m\000e\000t\000e\000r\000s}{}% 86
\BOOKMARK [2][-]{subsection.12.1}{\376\377\000H\000y\000p\000e\000r\000p\000a\000r\000a\000m\000e\000t\000e\000r\000\040\000g\000r\000i\000d\000s\000\040\000\050\000e\000x\000a\000m\000p\000l\000e\000s\000\051}{section.12}% 87
\BOOKMARK [1][-]{section.13}{\376\377\000A\000b\000l\000a\000t\000i\000o\000n\000\040\000S\000t\000u\000d\000y\000\040\000P\000l\000a\000n\000\040\000a\000n\000d\000\040\000S\000t\000a\000t\000i\000s\000t\000i\000c\000a\000l\000\040\000T\000e\000s\000t\000i\000n\000g}{}% 88
\BOOKMARK [1][-]{section.14}{\376\377\000E\000r\000r\000o\000r\000\040\000A\000n\000a\000l\000y\000s\000i\000s\000\040\000a\000n\000d\000\040\000M\000o\000d\000e\000l\000\040\000E\000x\000p\000l\000a\000i\000n\000a\000b\000i\000l\000i\000t\000y}{}% 89
\BOOKMARK [1][-]{section.15}{\376\377\000L\000i\000m\000i\000t\000a\000t\000i\000o\000n\000s\000\040\000a\000n\000d\000\040\000F\000u\000t\000u\000r\000e\000\040\000W\000o\000r\000k}{}% 90
\BOOKMARK [2][-]{subsection.15.1}{\376\377\000M\000e\000t\000h\000o\000d\000o\000l\000o\000g\000i\000c\000a\000l\000\040\000L\000i\000m\000i\000t\000a\000t\000i\000o\000n\000s}{section.15}% 91
\BOOKMARK [3][-]{subsubsection.15.1.1}{\376\377\000S\000L\000U\000-\000S\000p\000e\000c\000i\000f\000i\000c\000\040\000L\000i\000m\000i\000t\000a\000t\000i\000o\000n\000s}{subsection.15.1}% 92
\BOOKMARK [3][-]{subsubsection.15.1.2}{\376\377\000G\000e\000n\000e\000r\000a\000l\000\040\000M\000e\000t\000h\000o\000d\000o\000l\000o\000g\000i\000c\000a\000l\000\040\000G\000a\000p\000s}{subsection.15.1}% 93
\BOOKMARK [2][-]{subsection.15.2}{\376\377\000C\000o\000m\000p\000u\000t\000a\000t\000i\000o\000n\000a\000l\000\040\000a\000n\000d\000\040\000S\000c\000a\000l\000a\000b\000i\000l\000i\000t\000y\000\040\000L\000i\000m\000i\000t\000a\000t\000i\000o\000n\000s}{section.15}% 94
\BOOKMARK [3][-]{subsubsection.15.2.1}{\376\377\000H\000a\000r\000d\000w\000a\000r\000e\000\040\000C\000o\000n\000s\000t\000r\000a\000i\000n\000t\000s}{subsection.15.2}% 95
\BOOKMARK [3][-]{subsubsection.15.2.2}{\376\377\000I\000m\000p\000l\000e\000m\000e\000n\000t\000a\000t\000i\000o\000n\000\040\000C\000o\000n\000s\000t\000r\000a\000i\000n\000t\000s}{subsection.15.2}% 96
\BOOKMARK [2][-]{subsection.15.3}{\376\377\000T\000h\000e\000o\000r\000e\000t\000i\000c\000a\000l\000\040\000a\000n\000d\000\040\000C\000o\000n\000c\000e\000p\000t\000u\000a\000l\000\040\000L\000i\000m\000i\000t\000a\000t\000i\000o\000n\000s}{section.15}% 97
\BOOKMARK [3][-]{subsubsection.15.3.1}{\376\377\000F\000u\000n\000d\000a\000m\000e\000n\000t\000a\000l\000\040\000M\000o\000d\000e\000l\000\040\000A\000s\000s\000u\000m\000p\000t\000i\000o\000n\000s}{subsection.15.3}% 98
\BOOKMARK [3][-]{subsubsection.15.3.2}{\376\377\000T\000a\000s\000k\000-\000S\000p\000e\000c\000i\000f\000i\000c\000\040\000T\000h\000e\000o\000r\000e\000t\000i\000c\000a\000l\000\040\000C\000h\000a\000l\000l\000e\000n\000g\000e\000s}{subsection.15.3}% 99
\BOOKMARK [2][-]{subsection.15.4}{\376\377\000F\000u\000t\000u\000r\000e\000\040\000R\000e\000s\000e\000a\000r\000c\000h\000\040\000D\000i\000r\000e\000c\000t\000i\000o\000n\000s}{section.15}% 100
\BOOKMARK [3][-]{subsubsection.15.4.1}{\376\377\000I\000m\000m\000e\000d\000i\000a\000t\000e\000\040\000N\000e\000x\000t\000\040\000S\000t\000e\000p\000s}{subsection.15.4}% 101
\BOOKMARK [3][-]{subsubsection.15.4.2}{\376\377\000L\000o\000n\000g\000e\000r\000-\000t\000e\000r\000m\000\040\000R\000e\000s\000e\000a\000r\000c\000h\000\040\000A\000g\000e\000n\000d\000a}{subsection.15.4}% 102
\BOOKMARK [2][-]{subsection.15.5}{\376\377\000P\000r\000a\000c\000t\000i\000c\000a\000l\000\040\000R\000e\000c\000o\000m\000m\000e\000n\000d\000a\000t\000i\000o\000n\000s\000\040\000f\000o\000r\000\040\000D\000e\000p\000l\000o\000y\000m\000e\000n\000t}{section.15}% 103
\BOOKMARK [3][-]{subsubsection.15.5.1}{\376\377\000S\000L\000U\000\040\000S\000y\000s\000t\000e\000m\000\040\000D\000e\000p\000l\000o\000y\000m\000e\000n\000t}{subsection.15.5}% 104
\BOOKMARK [3][-]{subsubsection.15.5.2}{\376\377\000F\000i\000n\000a\000n\000c\000i\000a\000l\000\040\000F\000o\000r\000e\000c\000a\000s\000t\000i\000n\000g\000\040\000D\000e\000p\000l\000o\000y\000m\000e\000n\000t}{subsection.15.5}% 105
\BOOKMARK [2][-]{subsection.15.6}{\376\377\000C\000o\000n\000c\000l\000u\000s\000i\000o\000n}{section.15}% 106
\BOOKMARK [1][-]{section.16}{\376\377\000E\000t\000h\000i\000c\000a\000l\000\040\000C\000o\000n\000s\000i\000d\000e\000r\000a\000t\000i\000o\000n\000s}{}% 107
\BOOKMARK [1][-]{section.17}{\376\377\000A\000p\000p\000e\000n\000d\000i\000c\000e\000s}{}% 108
\BOOKMARK [2][-]{subsection.17.1}{\376\377\000A\000p\000p\000e\000n\000d\000i\000x\000\040\000A\000\040\040\024\000\040\000C\000o\000m\000m\000a\000n\000d\000s\000\040\000t\000o\000\040\000r\000e\000p\000r\000o\000d\000u\000c\000e\000\040\000m\000a\000i\000n\000\040\000e\000x\000p\000e\000r\000i\000m\000e\000n\000t\000s}{section.17}% 109
\BOOKMARK [2][-]{subsection.17.2}{\376\377\000A\000p\000p\000e\000n\000d\000i\000x\000\040\000B\000\040\040\024\000\040\000H\000y\000p\000e\000r\000p\000a\000r\000a\000m\000e\000t\000e\000r\000\040\000t\000a\000b\000l\000e\000s\000\040\000a\000n\000d\000\040\000c\000o\000n\000f\000i\000g\000\040\000e\000x\000a\000m\000p\000l\000e}{section.17}% 110
\BOOKMARK [2][-]{subsection.17.3}{\376\377\000A\000p\000p\000e\000n\000d\000i\000x\000\040\000C\000\040\040\024\000\040\000F\000i\000l\000e\000\040\000m\000a\000n\000i\000f\000e\000s\000t\000\040\000a\000n\000d\000\040\000r\000e\000s\000p\000o\000n\000s\000i\000b\000i\000l\000i\000t\000i\000e\000s}{section.17}% 111
\BOOKMARK [1][-]{section.18}{\376\377\000C\000o\000n\000c\000l\000u\000s\000i\000o\000n}{}% 112
