\BOOKMARK [1][-]{section.1}{\376\377\006\105\006\102\006\057\006\105\006\107}{}% 1
\BOOKMARK [1][-]{section.2}{\376\377\006\106\006\105\006\047\006\057\006\257\006\060\006\047\006\061\006\314\000\040\006\110\000\040\006\052\006\071\006\047\006\061\006\314\006\101}{}% 2
\BOOKMARK [2][-]{subsection.2.1}{\376\377\006\106\006\105\006\047\006\057\006\107\006\047}{section.2}% 3
\BOOKMARK [2][-]{subsection.2.2}{\376\377\006\105\006\101\006\107\006\110\006\105\000\040\006\105\006\056\006\052\006\065\006\047\006\052\000\040\006\107\006\105\006\257\006\106}{section.2}% 4
\BOOKMARK [2][-]{subsection.2.3}{\376\377\006\047\006\056\006\052\006\065\006\047\006\061\006\047\006\052}{section.2}% 5
\BOOKMARK [2][-]{subsection.2.4}{\376\377\006\101\006\061\006\066\000\040\006\251\006\104\006\314\006\057\006\314\000\040\000\050\006\047\006\071\006\052\006\050\006\047\006\061\000\040\006\105\006\057\006\104\000\051}{section.2}% 6
\BOOKMARK [1][-]{section.3}{\376\377\006\106\006\105\006\047\006\314\000\040\006\251\006\104\006\314\000\040\006\063\006\047\006\105\006\047\006\106\006\107}{}% 7
\BOOKMARK [2][-]{subsection.3.1}{\376\377\006\056\006\104\006\047\006\065\006\107\006\124\000\040\006\056\006\067\000\040\006\104\006\110\006\104\006\107}{section.3}% 8
\BOOKMARK [2][-]{subsection.3.2}{\376\377\006\063\006\047\006\056\006\052\006\047\006\061\000\040\006\176\006\110\006\064\006\107\040\014\006\107\006\047\000\040\000\050\006\176\006\314\006\064\006\106\006\107\006\047\006\057\006\314\000\051}{section.3}% 9
\BOOKMARK [2][-]{subsection.3.3}{\376\377\006\206\006\061\006\047\006\314\006\314\000\040\006\047\006\106\006\052\006\056\006\047\006\050\000\040\006\061\006\110\006\064\000\040\006\105\006\050\006\052\006\106\006\314\000\040\006\050\006\061\000\040\006\110\006\314\006\230\006\257\006\314}{section.3}% 10
\BOOKMARK [1][-]{section.4}{\376\377\006\251\006\047\006\061\006\107\006\047\006\314\000\040\006\105\006\061\006\052\006\050\006\067}{}% 11
\BOOKMARK [2][-]{subsection.4.1}{\376\377\006\053\006\050\006\052\000\040\006\052\006\065\006\110\006\314\006\061\000\040\006\110\000\040\006\052\006\050\006\057\006\314\006\104\040\014\006\107\006\047\006\314\000\040\006\107\006\106\006\057\006\063\006\314}{section.4}% 12
\BOOKMARK [2][-]{subsection.4.2}{\376\377\006\110\006\314\006\230\006\257\006\314\040\014\006\107\006\047\006\314\000\040\006\105\006\055\006\104\006\314\000\040\006\110\000\040\006\052\006\110\006\065\006\314\006\101\040\014\006\257\006\061\006\107\006\047}{section.4}% 13
\BOOKMARK [2][-]{subsection.4.3}{\376\377\006\050\006\061\006\047\006\062\006\064\000\040\006\105\006\102\006\047\006\110\006\105\000\040\006\110\000\040\000R\000A\000N\000S\000A\000C}{section.4}% 14
\BOOKMARK [2][-]{subsection.4.4}{\376\377\006\047\006\050\006\062\006\047\006\061\006\107\006\047\006\314\000\040\006\071\006\105\006\104\006\314}{section.4}% 15
\BOOKMARK [1][-]{section.5}{\376\377\006\061\006\110\006\064\040\014\006\064\006\106\006\047\006\063\006\314}{}% 16
\BOOKMARK [2][-]{subsection.5.1}{\376\377\006\101\006\061\006\105\006\110\006\104\040\014\006\050\006\106\006\057\006\314\000\040\006\105\006\063\006\046\006\104\006\107}{section.5}% 17
\BOOKMARK [2][-]{subsection.5.2}{\376\377\006\047\006\063\006\052\006\056\006\061\006\047\006\054\000\040\006\110\006\314\006\230\006\257\006\314\000\040\006\050\006\047\000\040\000O\000R\000B}{section.5}% 18
\BOOKMARK [2][-]{subsection.5.3}{\376\377\006\052\006\067\006\050\006\314\006\102\000\040\006\052\006\110\006\065\006\314\006\101\040\014\006\257\006\061\006\107\006\047}{section.5}% 19
\BOOKMARK [2][-]{subsection.5.4}{\376\377\006\052\006\056\006\105\006\314\006\106\000\040\006\107\006\105\006\110\006\257\006\061\006\047\006\101\006\314\000\040\006\050\006\047\000\040\000R\000A\000N\000S\000A\000C}{section.5}% 20
\BOOKMARK [2][-]{subsection.5.5}{\376\377\006\056\006\067\006\047\006\314\000\040\006\050\006\047\006\062\006\101\006\061\006\047\006\101\006\251\006\106\006\314\000\040\000\050\006\052\006\071\006\061\006\314\006\101\000\040\006\061\006\314\006\047\006\066\006\314\000\040\006\110\000\040\006\052\006\101\006\063\006\314\006\061\000\051}{section.5}% 21
\BOOKMARK [2][-]{subsection.5.6}{\376\377\006\110\006\047\006\061\006\176\000\040\006\110\000\040\006\107\006\105\040\014\006\176\006\110\006\064\006\047\006\106\006\314}{section.5}% 22
\BOOKMARK [2][-]{subsection.5.7}{\376\377\006\064\006\047\006\056\006\065\040\014\006\107\006\047\006\314\000\040\006\047\006\067\006\105\006\314\006\106\006\047\006\106\000\040\000\050\000C\000o\000n\000f\000i\000d\000e\000n\000c\000e\000\040\000P\000r\000o\000x\000i\000e\000s\000\051}{section.5}% 23
\BOOKMARK [1][-]{section.6}{\376\377\006\057\006\047\006\057\006\107\040\014\006\107\006\047\000\040\006\110\000\040\006\176\006\061\006\110\006\052\006\251\006\104\000\040\006\042\006\062\006\105\006\047\006\314\006\064}{}% 24
\BOOKMARK [2][-]{subsection.6.1}{\376\377\006\052\006\110\006\065\006\314\006\101\000\040\006\057\006\047\006\057\006\107}{section.6}% 25
\BOOKMARK [2][-]{subsection.6.2}{\376\377\006\105\006\104\006\047\006\055\006\070\006\047\006\052\000\040\006\054\006\105\006\071\040\014\006\042\006\110\006\061\006\314\000\040\006\057\006\047\006\057\006\107}{section.6}% 26
\BOOKMARK [2][-]{subsection.6.3}{\376\377\006\052\006\102\006\063\006\314\006\105\040\014\006\050\006\106\006\057\006\314\000\040\006\052\006\106\006\070\006\314\006\105\000/\006\042\006\062\006\105\006\110\006\106}{section.6}% 27
\BOOKMARK [2][-]{subsection.6.4}{\376\377\006\062\006\105\006\314\006\106\040\014\006\055\006\102\006\314\006\102\006\052\000\040\006\050\006\061\006\047\006\314\000\040\006\105\006\071\006\314\006\047\006\061\006\107\006\047\006\314\000\040\006\251\006\105\006\314}{section.6}% 28
\BOOKMARK [2][-]{subsection.6.5}{\376\377\006\107\006\057\006\101\000\040\006\176\006\314\006\064\040\014\006\176\006\061\006\057\006\047\006\062\006\064}{section.6}% 29
\BOOKMARK [2][-]{subsection.6.6}{\376\377\006\257\006\047\006\105\040\014\006\107\006\047\006\314\000\040\006\047\006\063\006\052\006\047\006\106\006\057\006\047\006\061\006\057}{section.6}% 30
\BOOKMARK [2][-]{subsection.6.7}{\376\377\006\052\006\110\006\054\006\314\006\107\000\040\006\071\006\104\006\105\006\314}{section.6}% 31
\BOOKMARK [2][-]{subsection.6.8}{\376\377\006\107\006\057\006\101\000\040\006\042\006\062\006\105\006\047\006\314\006\064\040\014\006\107\006\047}{section.6}% 32
\BOOKMARK [2][-]{subsection.6.9}{\376\377\006\176\006\047\006\061\006\047\006\105\006\052\006\061\006\107\006\047\006\314\000\040\006\251\006\104\006\314\006\057\006\314\000\040\006\110\000\040\006\050\006\047\006\062\006\107\040\014\006\107\006\047}{section.6}% 33
\BOOKMARK [2][-]{subsection.6.10}{\376\377\006\061\006\110\006\064\000\040\006\047\006\054\006\061\006\047\006\314\000\040\006\042\006\062\006\105\006\047\006\314\006\064}{section.6}% 34
\BOOKMARK [2][-]{subsection.6.11}{\376\377\006\056\006\061\006\110\006\054\006\314\040\014\006\107\006\047\006\314\000\040\006\047\006\104\006\062\006\047\006\105\006\314\000\040\006\050\006\061\006\047\006\314\000\040\006\257\006\062\006\047\006\061\006\064}{section.6}% 35
\BOOKMARK [1][-]{section.7}{\376\377\006\176\006\314\006\047\006\057\006\107\040\014\006\063\006\047\006\062\006\314}{}% 36
\BOOKMARK [2][-]{subsection.7.1}{\376\377\006\047\006\065\006\110\006\104\000\040\006\067\006\061\006\047\006\055\006\314\000\040\006\176\006\314\006\047\006\057\006\107\040\014\006\063\006\047\006\062\006\314}{section.7}% 37
\BOOKMARK [2][-]{subsection.7.2}{\376\377\006\105\006\047\006\230\006\110\006\104\040\014\006\107\006\047\006\314\000\040\006\047\006\065\006\104\006\314\000\040\000\050\006\063\006\067\006\055\000\040\006\105\006\101\006\107\006\110\006\105\006\314\000\051}{section.7}% 38
\BOOKMARK [2][-]{subsection.7.3}{\376\377\006\056\006\061\006\110\006\054\006\314\040\014\006\107\006\047\006\314\000\040\006\057\006\314\006\050\006\047\006\257\000\040\000\050\006\050\006\061\006\047\006\314\000\040\006\052\006\064\006\056\006\314\006\065\000\040\006\071\006\104\006\052\000\040\006\064\006\251\006\063\006\052\000\051}{section.7}% 39
\BOOKMARK [2][-]{subsection.7.4}{\376\377\006\101\006\047\006\314\006\104\040\014\006\107\006\047\006\314\000\040\006\056\006\061\006\110\006\054\006\314\000\040\006\110\000\040\006\106\006\102\006\064\000\040\006\042\006\106\006\107\006\047}{section.7}% 40
\BOOKMARK [2][-]{subsection.7.5}{\376\377\006\047\006\104\006\062\006\047\006\105\006\047\006\052\000\040\006\053\006\050\006\052\000\040\000\050\000L\000o\000g\000g\000i\000n\000g\000\051\000\040\006\050\006\061\006\047\006\314\000\040\006\257\006\062\006\047\006\061\006\064\000\040\006\071\006\104\006\105\006\314}{section.7}% 41
\BOOKMARK [2][-]{subsection.7.6}{\376\377\006\176\006\314\006\206\006\314\006\057\006\257\006\314\000\040\006\105\006\055\006\047\006\063\006\050\006\047\006\052\006\314\000\040\006\110\000\040\006\071\006\105\006\104\006\251\006\061\006\057\000\040\006\071\006\105\006\104\006\314}{section.7}% 42
\BOOKMARK [2][-]{subsection.7.7}{\376\377\006\057\006\061\006\054\000\040\006\251\006\117\006\057\000\040\006\057\006\061\000\040\006\257\006\062\006\047\006\061\006\064\000\040\000\050\006\047\006\056\006\052\006\314\006\047\006\061\006\314\000\051}{section.7}% 43
\BOOKMARK [1][-]{section.8}{\376\377\006\047\006\061\006\062\006\314\006\047\006\050\006\314\000\040\006\110\000\040\006\105\006\071\006\314\006\047\006\061\006\107\006\047}{}% 44
\BOOKMARK [2][-]{subsection.8.1}{\376\377\006\107\006\057\006\101\000\040\006\047\006\061\006\062\006\314\006\047\006\050\006\314}{section.8}% 45
\BOOKMARK [2][-]{subsection.8.2}{\376\377\006\105\006\071\006\314\006\047\006\061\006\107\006\047\006\314\000\040\006\251\006\105\006\314\000\040\006\047\006\065\006\104\006\314}{section.8}% 46
\BOOKMARK [2][-]{subsection.8.3}{\376\377\006\064\006\251\006\104\040\014\006\107\006\047\006\314\000\040\006\104\006\047\006\062\006\105\000\040\006\050\006\061\006\047\006\314\000\040\006\257\006\062\006\047\006\061\006\064}{section.8}% 47
\BOOKMARK [2][-]{subsection.8.4}{\376\377\006\055\006\057\006\047\006\102\006\104\000\040\006\047\006\050\006\104\006\314\006\064\006\106\000\040\006\071\006\104\006\105\006\314}{section.8}% 48
\BOOKMARK [1][-]{section.9}{\376\377\006\106\006\052\006\047\006\314\006\054\000\040\006\110\000\040\006\052\006\055\006\104\006\314\006\104}{}% 49
\BOOKMARK [1][-]{section.10}{\376\377\006\050\006\055\006\053}{}% 50
\BOOKMARK [2][-]{subsection.10.1}{\376\377\006\054\006\105\006\071\040\014\006\050\006\106\006\057\006\314\000\040\006\071\006\104\006\105\006\314\000\040\006\047\006\062\000\040\006\314\006\047\006\101\006\052\006\107\040\014\006\107\006\047}{section.10}% 51
\BOOKMARK [2][-]{subsection.10.2}{\376\377\006\105\006\055\006\057\006\110\006\057\006\314\006\052\040\014\006\107\006\047}{section.10}% 52
\BOOKMARK [2][-]{subsection.10.3}{\376\377\006\251\006\047\006\061\006\107\006\047\006\314\000\040\006\042\006\314\006\106\006\057\006\107}{section.10}% 53
\BOOKMARK [1][-]{section.11}{\376\377\006\050\006\047\006\062\006\052\006\110\006\104\006\314\006\057\006\176\006\060\006\314\006\061\006\314}{}% 54
\BOOKMARK [2][-]{subsection.11.1}{\376\377\006\105\006\064\006\056\006\065\006\047\006\052\000\040\006\105\006\055\006\314\006\067\000\040\006\047\006\054\006\061\006\047}{section.11}% 55
\BOOKMARK [2][-]{subsection.11.2}{\376\377\006\251\006\106\006\052\006\061\006\104\000\040\006\071\006\057\006\105\040\014\006\102\006\067\006\071\006\314\006\052\000\040\000\050\000D\000e\000t\000e\000r\000m\000i\000n\000i\000s\000m\000\051}{section.11}% 56
\BOOKMARK [2][-]{subsection.11.3}{\376\377\006\053\006\050\006\052\000\040\006\101\006\061\006\105\006\047\006\106\040\014\006\107\006\047\006\314\000\040\006\047\006\054\006\061\006\047}{section.11}% 57
\BOOKMARK [1][-]{section.12}{\376\377\006\047\006\056\006\104\006\047\006\102\006\014\000\040\006\055\006\061\006\314\006\105\000\040\006\056\006\065\006\110\006\065\006\314\000\040\006\110\000\040\006\047\006\314\006\105\006\106\006\314}{}% 58
\BOOKMARK [2][-]{subsection.12.1}{\376\377\006\055\006\061\006\314\006\105\000\040\006\056\006\065\006\110\006\065\006\314\000\040\006\110\000\040\006\105\006\057\006\314\006\061\006\314\006\052\000\040\006\057\006\047\006\057\006\107}{section.12}% 59
\BOOKMARK [2][-]{subsection.12.2}{\376\377\006\047\006\314\006\105\006\106\006\314\000\040\006\071\006\105\006\104\006\314\006\047\006\052\006\314}{section.12}% 60
\BOOKMARK [2][-]{subsection.12.3}{\376\377\006\176\006\110\006\064\006\064\040\014\006\176\006\060\006\314\006\061\006\314\000\040\006\110\000\040\006\052\006\071\006\105\006\314\006\105}{section.12}% 61
\BOOKMARK [1][-]{section.13}{\376\377\006\106\006\052\006\314\006\054\006\107\040\014\006\257\006\314\006\061\006\314}{}% 62
\BOOKMARK [1][-]{appendix.Alph1}{\376\377\006\176\006\314\006\110\006\063\006\052}{}% 63
\BOOKMARK [2][-]{subsection.Alph1.1}{\376\377\006\101\006\061\006\105\006\047\006\106\040\014\006\107\006\047\006\314\000\040\006\176\006\314\006\064\006\106\006\107\006\047\006\057\006\314\000\040\006\047\006\054\006\061\006\047\000\040\000\050\006\106\006\105\006\110\006\106\006\107\000\051}{appendix.Alph1}% 64
\BOOKMARK [2][-]{subsection.Alph1.2}{\376\377\006\052\006\110\006\066\006\314\006\055\000\040\006\047\006\106\006\052\006\056\006\047\006\050\000\040\006\042\006\063\006\052\006\047\006\106\006\107\040\014\006\107\006\047}{appendix.Alph1}% 65
