\BOOKMARK [1][-]{section.1}{\376\377\000I\000n\000t\000r\000o\000d\000u\000c\000t\000i\000o\000n}{}% 1
\BOOKMARK [2][-]{subsection.1.1}{\376\377\000P\000r\000o\000b\000l\000e\000m\000\040\000S\000t\000a\000t\000e\000m\000e\000n\000t}{section.1}% 2
\BOOKMARK [2][-]{subsection.1.2}{\376\377\000M\000o\000t\000i\000v\000a\000t\000i\000o\000n}{section.1}% 3
\BOOKMARK [2][-]{subsection.1.3}{\376\377\000C\000o\000n\000t\000r\000i\000b\000u\000t\000i\000o\000n\000s}{section.1}% 4
\BOOKMARK [1][-]{section.2}{\376\377\000N\000o\000t\000a\000t\000i\000o\000n\000\040\000a\000n\000d\000\040\000D\000e\000f\000i\000n\000i\000t\000i\000o\000n\000s}{}% 5
\BOOKMARK [2][-]{subsection.2.1}{\376\377\000S\000y\000m\000b\000o\000l\000s}{section.2}% 6
\BOOKMARK [2][-]{subsection.2.2}{\376\377\000A\000b\000b\000r\000e\000v\000i\000a\000t\000i\000o\000n\000s}{section.2}% 7
\BOOKMARK [2][-]{subsection.2.3}{\376\377\000K\000e\000y\000\040\000M\000o\000d\000e\000l\000i\000n\000g\000\040\000A\000s\000s\000u\000m\000p\000t\000i\000o\000n\000s}{section.2}% 8
\BOOKMARK [1][-]{section.3}{\376\377\000S\000y\000s\000t\000e\000m\000\040\000O\000v\000e\000r\000v\000i\000e\000w}{}% 9
\BOOKMARK [2][-]{subsection.3.1}{\376\377\000P\000i\000p\000e\000l\000i\000n\000e\000\040\000S\000u\000m\000m\000a\000r\000y}{section.3}% 10
\BOOKMARK [2][-]{subsection.3.2}{\376\377\000R\000e\000p\000o\000s\000i\000t\000o\000r\000y\000\040\000L\000a\000y\000o\000u\000t\000\040\000\050\000E\000x\000p\000e\000c\000t\000e\000d\000\051}{section.3}% 11
\BOOKMARK [2][-]{subsection.3.3}{\376\377\000W\000h\000y\000\040\000F\000e\000a\000t\000u\000r\000e\000-\000B\000a\000s\000e\000d\000\040\000R\000e\000g\000i\000s\000t\000r\000a\000t\000i\000o\000n}{section.3}% 12
\BOOKMARK [1][-]{section.4}{\376\377\000R\000e\000l\000a\000t\000e\000d\000\040\000W\000o\000r\000k}{}% 13
\BOOKMARK [2][-]{subsection.4.1}{\376\377\000V\000a\000r\000i\000a\000t\000i\000o\000n\000a\000l\000\040\000A\000u\000t\000o\000e\000n\000c\000o\000d\000e\000r\000s\000\040\000a\000n\000d\000\040\000o\000b\000j\000e\000c\000t\000i\000v\000e\000\040\000d\000e\000s\000i\000g\000n}{section.4}% 14
\BOOKMARK [2][-]{subsection.4.2}{\376\377\000L\000i\000k\000e\000l\000i\000h\000o\000o\000d\000\040\000e\000s\000t\000i\000m\000a\000t\000i\000o\000n\000\040\000f\000o\000r\000\040\000l\000a\000t\000e\000n\000t\000-\000v\000a\000r\000i\000a\000b\000l\000e\000\040\000m\000o\000d\000e\000l\000s}{section.4}% 15
\BOOKMARK [2][-]{subsection.4.3}{\376\377\000C\000o\000n\000d\000i\000t\000i\000o\000n\000a\000l\000\040\000G\000A\000N\000s\000,\000\040\000s\000t\000a\000b\000i\000l\000i\000t\000y\000,\000\040\000a\000n\000d\000\040\000a\000u\000g\000m\000e\000n\000t\000a\000t\000i\000o\000n}{section.4}% 16
\BOOKMARK [1][-]{section.5}{\376\377\000M\000e\000t\000h\000o\000d\000o\000l\000o\000g\000y}{}% 17
\BOOKMARK [2][-]{subsection.5.1}{\376\377\000V\000a\000r\000i\000a\000t\000i\000o\000n\000a\000l\000\040\000A\000u\000t\000o\000e\000n\000c\000o\000d\000e\000r\000s\000\040\000\050\000V\000A\000E\000\051}{section.5}% 18
\BOOKMARK [2][-]{subsection.5.2}{\376\377\000C\000o\000n\000d\000i\000t\000i\000o\000n\000a\000l\000\040\000G\000A\000N\000\040\000f\000o\000r\000\040\000D\000a\000t\000a\000\040\000A\000u\000g\000m\000e\000n\000t\000a\000t\000i\000o\000n\000\040\000\050\000W\000G\000A\000N\000-\000G\000P\000\051}{section.5}% 19
\BOOKMARK [1][-]{section.6}{\376\377\000D\000a\000t\000a\000\040\000a\000n\000d\000\040\000E\000x\000p\000e\000r\000i\000m\000e\000n\000t\000a\000l\000\040\000P\000r\000o\000t\000o\000c\000o\000l}{}% 20
\BOOKMARK [2][-]{subsection.6.1}{\376\377\000D\000a\000t\000a\000s\000e\000t\000s}{section.6}% 21
\BOOKMARK [3][-]{subsubsection.6.1.1}{\376\377\000D\000y\000n\000a\000m\000i\000c\000\040\000M\000N\000I\000S\000T}{subsection.6.1}% 22
\BOOKMARK [3][-]{subsubsection.6.1.2}{\376\377\000F\000a\000s\000h\000i\000o\000n\000M\000N\000I\000S\000T}{subsection.6.1}% 23
\BOOKMARK [2][-]{subsection.6.2}{\376\377\000L\000i\000m\000i\000t\000e\000d\000-\000d\000a\000t\000a\000\040\000r\000e\000g\000i\000m\000e\000\040\000a\000n\000d\000\040\000n\000o\000n\000-\000o\000v\000e\000r\000l\000a\000p\000p\000i\000n\000g\000\040\000s\000p\000l\000i\000t\000s\000\040\000\050\000F\000a\000s\000h\000i\000o\000n\000M\000N\000I\000S\000T\000\051}{section.6}% 24
\BOOKMARK [2][-]{subsection.6.3}{\376\377\000T\000r\000a\000i\000n\000/\000V\000a\000l\000i\000d\000a\000t\000i\000o\000n\000/\000T\000e\000s\000t\000\040\000p\000r\000o\000t\000o\000c\000o\000l}{section.6}% 25
\BOOKMARK [2][-]{subsection.6.4}{\376\377\000G\000r\000o\000u\000n\000d\000\040\000t\000r\000u\000t\000h\000\040\000a\000n\000d\000\040\000e\000v\000a\000l\000u\000a\000t\000i\000o\000n\000\040\000e\000n\000d\000p\000o\000i\000n\000t\000s}{section.6}% 26
\BOOKMARK [2][-]{subsection.6.5}{\376\377\000D\000a\000t\000a\000s\000e\000t\000\040\000i\000n\000t\000e\000g\000r\000i\000t\000y\000\040\000c\000h\000e\000c\000k\000s}{section.6}% 27
\BOOKMARK [2][-]{subsection.6.6}{\376\377\000P\000r\000e\000p\000r\000o\000c\000e\000s\000s\000i\000n\000g\000\040\000G\000o\000a\000l\000s}{section.6}% 28
\BOOKMARK [2][-]{subsection.6.7}{\376\377\000P\000r\000e\000p\000r\000o\000c\000e\000s\000s\000i\000n\000g\000\040\000f\000o\000r\000\040\000D\000y\000n\000a\000m\000i\000c\000\040\000M\000N\000I\000S\000T\000\040\000\050\000V\000A\000E\000\051}{section.6}% 29
\BOOKMARK [3][-]{subsubsection.6.7.1}{\376\377\000D\000y\000n\000a\000m\000i\000c\000\040\000b\000i\000n\000a\000r\000i\000z\000a\000t\000i\000o\000n\000\040\000p\000r\000o\000t\000o\000c\000o\000l}{subsection.6.7}% 30
\BOOKMARK [3][-]{subsubsection.6.7.2}{\376\377\000M\000o\000d\000e\000l\000-\000a\000l\000i\000g\000n\000e\000d\000\040\000i\000n\000p\000u\000t\000\040\000a\000n\000d\000\040\000d\000e\000c\000o\000d\000e\000r\000\040\000l\000i\000k\000e\000l\000i\000h\000o\000o\000d}{subsection.6.7}% 31
\BOOKMARK [3][-]{subsubsection.6.7.3}{\376\377\000P\000r\000a\000c\000t\000i\000c\000a\000l\000\040\000i\000m\000p\000l\000e\000m\000e\000n\000t\000a\000t\000i\000o\000n\000\040\000d\000e\000t\000a\000i\000l\000s}{subsection.6.7}% 32
\BOOKMARK [2][-]{subsection.6.8}{\376\377\000P\000r\000e\000p\000r\000o\000c\000e\000s\000s\000i\000n\000g\000\040\000f\000o\000r\000\040\000F\000a\000s\000h\000i\000o\000n\000M\000N\000I\000S\000T\000\040\000\050\000G\000A\000N\000\040\000a\000u\000g\000m\000e\000n\000t\000a\000t\000i\000o\000n\000\051}{section.6}% 33
\BOOKMARK [3][-]{subsubsection.6.8.1}{\376\377\000N\000o\000r\000m\000a\000l\000i\000z\000a\000t\000i\000o\000n\000\040\000a\000n\000d\000\040\000n\000u\000m\000e\000r\000i\000c\000\040\000r\000a\000n\000g\000e}{subsection.6.8}% 34
\BOOKMARK [3][-]{subsubsection.6.8.2}{\376\377\000L\000a\000b\000e\000l\000\040\000h\000a\000n\000d\000l\000i\000n\000g}{subsection.6.8}% 35
\BOOKMARK [3][-]{subsubsection.6.8.3}{\376\377\000E\000n\000s\000u\000r\000i\000n\000g\000\040\000f\000a\000i\000r\000n\000e\000s\000s\000\040\000i\000n\000\040\000a\000u\000g\000m\000e\000n\000t\000a\000t\000i\000o\000n\000\040\000e\000v\000a\000l\000u\000a\000t\000i\000o\000n}{subsection.6.8}% 36
\BOOKMARK [2][-]{subsection.6.9}{\376\377\000S\000c\000i\000e\000n\000t\000i\000f\000i\000c\000\040\000R\000a\000t\000i\000o\000n\000a\000l\000e\000\040\000a\000n\000d\000\040\000C\000o\000n\000t\000r\000o\000l\000l\000e\000d\000\040\000V\000a\000r\000i\000a\000b\000l\000e\000s}{section.6}% 37
\BOOKMARK [2][-]{subsection.6.10}{\376\377\000D\000a\000t\000a\000s\000e\000t\000s\000\040\000a\000n\000d\000\040\000I\000n\000p\000u\000t\000s}{section.6}% 38
\BOOKMARK [2][-]{subsection.6.11}{\376\377\000E\000v\000a\000l\000u\000a\000t\000i\000o\000n\000\040\000M\000e\000t\000r\000i\000c\000s}{section.6}% 39
\BOOKMARK [2][-]{subsection.6.12}{\376\377\000P\000a\000r\000a\000m\000e\000t\000e\000r\000\040\000S\000e\000t\000t\000i\000n\000g\000s\000\040\000\050\000R\000e\000c\000o\000r\000d\000e\000d\000\040\000f\000o\000r\000\040\000R\000e\000p\000r\000o\000d\000u\000c\000i\000b\000i\000l\000i\000t\000y\000\051}{section.6}% 40
\BOOKMARK [1][-]{section.7}{\376\377\000I\000m\000p\000l\000e\000m\000e\000n\000t\000a\000t\000i\000o\000n}{}% 41
\BOOKMARK [2][-]{subsection