\BOOKMARK [1][-]{section.1}{\376\377\000I\000n\000t\000r\000o\000d\000u\000c\000t\000i\000o\000n}{}% 1
\BOOKMARK [2][-]{subsection.1.1}{\376\377\000C\000o\000n\000t\000r\000i\000b\000u\000t\000i\000o\000n\000s}{section.1}% 2
\BOOKMARK [1][-]{section.2}{\376\377\000Q\0001\000:\000\040\000M\000c\000C\000u\000l\000l\000o\000c\000h\000-\000P\000i\000t\000t\000s\000\040\000N\000e\000u\000r\000o\000n\000:\000\040\000L\000o\000g\000i\000c\000\040\000F\000u\000n\000c\000t\000i\000o\000n\000s}{}% 3
\BOOKMARK [2][-]{subsection.2.1}{\376\377\000M\000a\000t\000h\000e\000m\000a\000t\000i\000c\000a\000l\000\040\000F\000o\000r\000m\000u\000l\000a\000t\000i\000o\000n}{section.2}% 4
\BOOKMARK [2][-]{subsection.2.2}{\376\377\000L\000o\000g\000i\000c\000\040\000G\000a\000t\000e\000\040\000I\000m\000p\000l\000e\000m\000e\000n\000t\000a\000t\000i\000o\000n\000s}{section.2}% 5
\BOOKMARK [3][-]{subsubsection.2.2.1}{\376\377\000A\000N\000D\000\040\000G\000a\000t\000e}{subsection.2.2}% 6
\BOOKMARK [3][-]{subsubsection.2.2.2}{\376\377\000O\000R\000\040\000G\000a\000t\000e}{subsection.2.2}% 7
\BOOKMARK [3][-]{subsubsection.2.2.3}{\376\377\000N\000O\000T\000\040\000G\000a\000t\000e}{subsection.2.2}% 8
\BOOKMARK [2][-]{subsection.2.3}{\376\377\000X\000O\000R\000\040\000I\000m\000p\000l\000e\000m\000e\000n\000t\000a\000t\000i\000o\000n}{section.2}% 9
\BOOKMARK [2][-]{subsection.2.4}{\376\377\000M\000a\000j\000o\000r\000i\000t\000y\000\040\000F\000u\000n\000c\000t\000i\000o\000n}{section.2}% 10
\BOOKMARK [2][-]{subsection.2.5}{\376\377\000E\000x\000p\000e\000r\000i\000m\000e\000n\000t\000a\000l\000\040\000R\000e\000s\000u\000l\000t\000s}{section.2}% 11
\BOOKMARK [1][-]{section.3}{\376\377\000Q\0002\000:\000\040\000A\000d\000a\000l\000i\000n\000e\000\040\000a\000n\000d\000\040\000M\000a\000d\000a\000l\000i\000n\000e\000\040\000N\000e\000t\000w\000o\000r\000k\000s}{}% 12
\BOOKMARK [2][-]{subsection.3.1}{\376\377\000A\000d\000a\000l\000i\000n\000e\000\040\000M\000a\000t\000h\000e\000m\000a\000t\000i\000c\000a\000l\000\040\000F\000o\000u\000n\000d\000a\000t\000i\000o\000n}{section.3}% 13
\BOOKMARK [3][-]{subsubsection.3.1.1}{\376\377\000W\000e\000i\000g\000h\000t\000\040\000U\000p\000d\000a\000t\000e\000\040\000R\000u\000l\000e}{subsection.3.1}% 14
\BOOKMARK [2][-]{subsection.3.2}{\376\377\000C\000o\000n\000v\000e\000r\000g\000e\000n\000c\000e\000\040\000A\000n\000a\000l\000y\000s\000i\000s}{section.3}% 15
\BOOKMARK [3][-]{subsubsection.3.2.1}{\376\377\000C\000o\000n\000v\000e\000r\000g\000e\000n\000c\000e\000\040\000P\000r\000o\000o\000f}{subsection.3.2}% 16
\BOOKMARK [2][-]{subsection.3.3}{\376\377\000M\000a\000d\000a\000l\000i\000n\000e\000\040\000I\000m\000p\000l\000e\000m\000e\000n\000t\000a\000t\000i\000o\000n}{section.3}% 17
\BOOKMARK [2][-]{subsection.3.4}{\376\377\000E\000x\000p\000e\000r\000i\000m\000e\000n\000t\000a\000l\000\040\000E\000v\000a\000l\000u\000a\000t\000i\000o\000n}{section.3}% 18
\BOOKMARK [1][-]{section.4}{\376\377\000Q\0003\000:\000\040\000M\000u\000l\000t\000i\000-\000L\000a\000y\000e\000r\000\040\000P\000e\000r\000c\000e\000p\000t\000r\000o\000n\000\040\000C\000l\000a\000s\000s\000i\000f\000i\000c\000a\000t\000i\000o\000n}{}% 19
\BOOKMARK [2][-]{subsection.4.1}{\376\377\000M\000L\000P\000\040\000A\000r\000c\000h\000i\000t\000e\000c\000t\000u\000r\000e}{section.4}% 20
\BOOKMARK [3][-]{subsubsection.4.1.1}{\376\377\000N\000e\000t\000w\000o\000r\000k\000\040\000F\000o\000r\000w\000a\000r\000d\000\040\000P\000a\000s\000s}{subsection.4.1}% 21
\BOOKMARK [2][-]{subsection.4.2}{\376\377\000B\000a\000c\000k\000p\000r\000o\000p\000a\000g\000a\000t\000i\000o\000n\000\040\000A\000l\000g\000o\000r\000i\000t\000h\000m}{section.4}% 22
\BOOKMARK [3][-]{subsubsection.4.2.1}{\376\377\000O\000u\000t\000p\000u\000t\000\040\000L\000a\000y\000e\000r\000\040\000G\000r\000a\000d\000i\000e\000n\000t\000s}{subsection.4.2}% 23
\BOOKMARK [3][-]{subsubsection.4.2.2}{\376\377\000H\000i\000d\000d\000e\000n\000\040\000L\000a\000y\000e\000r\000\040\000G\000r\000a\000d\000i\000e\000n\000t\000s}{subsection.4.2}% 24
\BOOKMARK [2][-]{subsection.4.3}{\376\377\000C\000r\000e\000d\000i\000t\000\040\000C\000a\000r\000d\000\040\000F\000r\000a\000u\000d\000\040\000D\000e\000t\000e\000c\000t\000i\000o\000n}{section.4}% 25
\BOOKMARK [3][-]{subsubsection.4.3.1}{\376\377\000D\000a\000t\000a\000s\000e\000t\000\040\000A\000n\000a\000l\000y\000s\000i\000s}{subsection.4.3}% 26
\BOOKMARK [3][-]{subsubsection.4.3.2}{\376\377\000P\000r\000e\000p\000r\000o\000c\000e\000s\000s\000i\000n\000g}{subsection.4.3}% 27
\BOOKMARK [3][-]{table.caption.3}{\376\377\000M\000o\000d\000e\000l\000\040\000C\000o\000m\000p\000a\000r\000i\000s\000o\000n}{subsection.4.3}% 28
\BOOKMARK [2][-]{subsection.4.4}{\376\377\000C\000o\000n\000c\000r\000e\000t\000e\000\040\000S\000t\000r\000e\000n\000g\000t\000h\000\040\000R\000e\000g\000r\000e\000s\000s\000i\000o\000n}{section.4}% 29
\BOOKMARK [3][-]{subsubsection.4.4.1}{\376\377\000D\000a\000t\000a\000s\000e\000t\000\040\000C\000h\000a\000r\000a\000c\000t\000e\000r\000i\000s\000t\000i\000c\000s}{subsection.4.4}% 30
\BOOKMARK [3][-]{subsubsection.4.4.2}{\376\377\000P\000r\000e\000p\000r\000o\000c\000e\000s\000s\000i\000n\000g}{subsection.4.4}% 31
\BOOKMARK [3][-]{table.caption.4}{\376\377\000P\000e\000r\000f\000o\000r\000m\000a\000n\000c\000e\000\040\000M\000e\000t\000r\000i\000c\000s}{subsection.4.4}% 32
\BOOKMARK [1][-]{section.5}{\376\377\000Q\0004\000:\000\040\000A\000u\000t\000o\000e\000n\000c\000o\000d\000e\000r\000s\000\040\000a\000n\000d\000\040\000F\000e\000a\000t\000u\000r\000e\000\040\000L\000e\000a\000r\000n\000i\000n\000g}{}% 33
\BOOKMARK [2][-]{subsection.5.1}{\376\377\000A\000u\000t\000o\000e\000n\000c\000o\000d\000e\000r\000\040\000A\000r\000c\000h\000i\000t\000e\000c\000t\000u\000r\000e}{section.5}% 34
\BOOKMARK [3][-]{subsubsection.5.1.1}{\376\377\000L\000o\000s\000s\000\040\000F\000u\000n\000c\000t\000i\000o\000n}{subsection.5.1}% 35
\BOOKMARK [2][-]{subsection.5.2}{\376\377\000T\000r\000a\000i\000n\000i\000n\000g\000\040\000P\000r\000o\000c\000e\000d\000u\000r\000e}{section.5}% 36
\BOOKMARK [3][-]{subsubsection.5.2.1}{\376\377\000E\000n\000c\000o\000d\000e\000r\000\040\000T\000r\000a\000i\000n\000i\000n\000g}{subsection.5.2}% 37
\BOOKMARK [3][-]{subsubsection.5.2.2}{\376\377\000F\000r\000o\000z\000e\000n\000\040\000E\000n\000c\000o\000d\000e\000r\000\040\000E\000v\000a\000l\000u\000a\000t\000i\000o\000n}{subsection.5.2}% 38
\BOOKMARK [2][-]{subsection.5.3}{\376\377\000M\000N\000I\000S\000T\000\040\000I\000m\000p\000l\000e\000m\000e\000n\000t\000a\000t\000i\000o\000n}{section.5}% 39
\BOOKMARK [3][-]{subsubsection.5.3.1}{\376\377\000A\000r\000c\000h\000i\000t\000e\000c\000t\000u\000r\000e\000\040\000D\000e\000t\000a\000i\000l\000s}{subsection.5.3}% 40
\BOOKMARK [3][-]{table.caption.5}{\376\377\000T\000r\000a\000i\000n\000i\000n\000g\000\040\000R\000e\000s\000u\000l\000t\000s}{subsection.5.3}% 41
\BOOKMARK [3][-]{table.caption.6}{\376\377\000C\000l\000a\000s\000s\000i\000f\000i\000c\000a\000t\000i\000o\000n\000\040\000w\000i\000t\000h\000\040\000F\000r\000o\000z\000e\000n\000\040\000E\000n\000c\000o\000d\000e\000r}{subsection.5.3}% 42
\BOOKMARK [1][-]{section.6}{\376\377\000I\000m\000p\000l\000e\000m\000e\000n\000t\000a\000t\000i\000o\000n\000\040\000D\000e\000t\000a\000i\000l\000s\000\040\000a\000n\000d\000\040\000A\000n\000a\000l\000y\000s\000i\000s}{}% 43
\BOOKMARK [2][-]{subsection.6.1}{\376\377\000C\000o\000d\000e\000b\000a\000s\000e\000\040\000S\000t\000r\000u\000c\000t\000u\000r\000e}{section.6}% 44
\BOOKMARK [2][-]{subsection.6.2}{\376\377\000E\000x\000p\000e\000r\000i\000m\000e\000n\000t\000a\000l\000\040\000S\000e\000t\000u\000p}{section.6}% 45
\BOOKMARK [3][-]{table.caption.7}{\376\377\000H\000y\000p\000e\000r\000p\000a\000r\000a\000m\000e\000t\000e\000r\000s}{subsection.6.2}% 46
\BOOKMARK [2][-]{subsection.6.3}{\376\377\000C\000o\000n\000v\000e\000r\000g\000e\000n\000c\000e\000\040\000A\000n\000a\000l\000y\000s\000i\000s}{section.6}% 47
\BOOKMARK [3][-]{subsubsection.6.3.1}{\376\377\000L\000e\000a\000r\000n\000i\000n\000g\000\040\000C\000u\000r\000v\000e\000s}{subsection.6.3}% 48
\BOOKMARK [3][-]{subsubsection.6.3.2}{\376\377\000S\000t\000a\000b\000i\000l\000i\000t\000y\000\040\000A\000n\000a\000l\000y\000s\000i\000s}{subsection.6.3}% 49
\BOOKMARK [1][-]{section.7}{\376\377\000R\000e\000s\000u\000l\000t\000s\000\040\000a\000n\000d\000\040\000D\000i\000s\000c\000u\000s\000s\000i\000o\000n}{}% 50
\BOOKMARK [2][-]{subsection.7.1}{\376\377\000P\000e\000r\000f\000o\000r\000m\000a\000n\000c\000e\000\040\000S\000u\000m\000m\000a\000r\000y}{section.7}% 51
\BOOKMARK [2][-]{subsection.7.2}{\376\377\000K\000e\000y\000\040\000I\000n\000s\000i\000g\000h\000t\000s}{section.7}% 52
\BOOKMARK [3][-]{subsubsection.7.2.1}{\376\377\000A\000r\000c\000h\000i\000t\000e\000c\000t\000u\000r\000e\000\040\000D\000e\000s\000i\000g\000n}{subsection.7.2}% 53
\BOOKMARK [3][-]{subsubsection.7.2.2}{\376\377\000T\000r\000a\000i\000n\000i\000n\000g\000\040\000D\000y\000n\000a\000m\000i\000c\000s}{subsection.7.2}% 54
\BOOKMARK [3][-]{subsubsection.7.2.3}{\376\377\000C\000o\000m\000p\000u\000t\000a\000t\000i\000o\000n\000a\000l\000\040\000C\000o\000n\000s\000i\000d\000e\000r\000a\000t\000i\000o\000n\000s}{subsection.7.2}% 55
\BOOKMARK [1][-]{section.8}{\376\377\000L\000i\000m\000i\000t\000a\000t\000i\000o\000n\000s\000\040\000a\000n\000d\000\040\000F\000u\000t\000u\000r\000e\000\040\000W\000o\000r\000k}{}% 56
\BOOKMARK [2][-]{subsection.8.1}{\376\377\000C\000u\000r\000r\000e\000n\000t\000\040\000L\000i\000m\000i\000t\000a\000t\000i\000o\000n\000s}{section.8}% 57
\BOOKMARK [2][-]{subsection.8.2}{\376\377\000F\000u\000t\000u\000r\000e\000\040\000D\000i\000r\000e\000c\000t\000i\000o\000n\000s}{section.8}% 58
\BOOKMARK [1][-]{section.9}{\376\377\000C\000o\000n\000c\000l\000u\000s\000i\000o\000n}{}% 59
\BOOKMARK [1][-]{section*.10}{\376\377\000A\000p\000p\000e\000n\000d\000i\000x\000\040\000A\000:\000\040\000A\000p\000p\000e\000n\000d\000i\000x\000:\000\040\000M\000a\000t\000h\000e\000m\000a\000t\000i\000c\000a\000l\000\040\000D\000e\000r\000i\000v\000a\000t\000i\000o\000n\000s}{}% 60
\BOOKMARK [2][-]{subsection.Appendix.A.1}{\376\377\000B\000a\000c\000k\000p\000r\000o\000p\000a\000g\000a\000t\000i\000o\000n\000\040\000D\000e\000r\000i\000v\000a\000t\000i\000o\000n}{section*.10}% 61
\BOOKMARK [2][-]{subsection.Appendix.A.2}{\376\377\000A\000d\000a\000l\000i\000n\000e\000\040\000C\000o\000n\000v\000e\000r\000g\000e\000n\000c\000e\000\040\000C\000o\000n\000d\000i\000t\000i\000o\000n\000s}{section*.10}% 62
\BOOKMARK [1][-]{section*.11}{\376\377\000A\000p\000p\000e\000n\000d\000i\000x\000\040\000B\000:\000\040\000A\000p\000p\000e\000n\000d\000i\000x\000:\000\040\000I\000m\000p\000l\000e\000m\000e\000n\000t\000a\000t\000i\000o\000n\000\040\000D\000e\000t\000a\000i\000l\000s}{}% 63
\BOOKMARK [2][-]{subsection.Appendix.B.1}{\376\377\000L\000i\000b\000r\000a\000r\000y\000\040\000D\000e\000p\000e\000n\000d\000e\000n\000c\000i\000e\000s}{section*.11}% 64
\BOOKMARK [2][-]{subsection.Appendix.B.2}{\376\377\000Q\000u\000i\000c\000k\000\040\000S\000t\000a\000r\000t\000\040\000C\000o\000m\000m\000a\000n\000d\000s}{section*.11}% 65
\BOOKMARK [1][-]{section*.12}{\376\377\000R\000e\000f\000e\000r\000e\000n\000c\000e\000s}{}% 66
