\BOOKMARK [1][-]{section.1}{\376\377\000Q\000u\000e\000s\000t\000i\000o\000n\000\040\0001\000:\000\040\000I\000m\000a\000g\000e\000\040\000C\000a\000p\000t\000i\000o\000n\000i\000n\000g\000\040\000w\000i\000t\000h\000\040\000A\000t\000t\000e\000n\000t\000i\000o\000n\000\040\000M\000e\000c\000h\000a\000n\000i\000s\000m\000s}{}% 1
\BOOKMARK [2][-]{subsection.1.1}{\376\377\000P\000r\000o\000b\000l\000e\000m\000\040\000F\000o\000r\000m\000u\000l\000a\000t\000i\000o\000n\000\040\000a\000n\000d\000\040\000M\000a\000t\000h\000e\000m\000a\000t\000i\000c\000a\000l\000\040\000F\000o\000u\000n\000d\000a\000t\000i\000o\000n}{section.1}% 2
\BOOKMARK [2][-]{subsection.1.2}{\376\377\000D\000a\000t\000a\000\040\000P\000r\000e\000p\000a\000r\000a\000t\000i\000o\000n\000\040\000a\000n\000d\000\040\000P\000r\000e\000p\000r\000o\000c\000e\000s\000s\000i\000n\000g}{section.1}% 3
\BOOKMARK [3][-]{subsubsection.1.2.1}{\376\377\000D\000a\000t\000a\000s\000e\000t\000\040\000A\000c\000q\000u\000i\000s\000i\000t\000i\000o\000n\000\040\000a\000n\000d\000\040\000S\000t\000r\000u\000c\000t\000u\000r\000e}{subsection.1.2}% 4
\BOOKMARK [3][-]{subsubsection.1.2.2}{\376\377\000T\000e\000x\000t\000\040\000P\000r\000e\000p\000r\000o\000c\000e\000s\000s\000i\000n\000g\000\040\000P\000i\000p\000e\000l\000i\000n\000e}{subsection.1.2}% 5
\BOOKMARK [3][-]{subsubsection.1.2.3}{\376\377\000V\000o\000c\000a\000b\000u\000l\000a\000r\000y\000\040\000C\000o\000n\000s\000t\000r\000u\000c\000t\000i\000o\000n\000\040\000a\000n\000d\000\040\000S\000p\000e\000c\000i\000a\000l\000\040\000T\000o\000k\000e\000n\000s}{subsection.1.2}% 6
\BOOKMARK [3][-]{subsubsection.1.2.4}{\376\377\000S\000t\000a\000t\000i\000s\000t\000i\000c\000a\000l\000\040\000A\000n\000a\000l\000y\000s\000i\000s\000\040\000a\000n\000d\000\040\000D\000a\000t\000a\000\040\000I\000n\000s\000i\000g\000h\000t\000s}{subsection.1.2}% 7
\BOOKMARK [2][-]{subsection.1.3}{\376\377\000T\000o\000k\000e\000n\000i\000z\000e\000r\000\040\000I\000m\000p\000l\000e\000m\000e\000n\000t\000a\000t\000i\000o\000n}{section.1}% 8
\BOOKMARK [3][-]{subsubsection.1.3.3}{\376\377\000A\000d\000v\000a\000n\000c\000e\000d\000\040\000F\000e\000a\000t\000u\000r\000e\000s}{subsection.1.3}% 9
\BOOKMARK [2][-]{subsection.1.4}{\376\377\000D\000a\000t\000a\000\040\000L\000o\000a\000d\000i\000n\000g\000\040\000a\000n\000d\000\040\000B\000a\000t\000c\000h\000\040\000P\000r\000o\000c\000e\000s\000s\000i\000n\000g}{section.1}% 10
\BOOKMARK [3][-]{subsubsection.1.4.1}{\376\377\000P\000y\000T\000o\000r\000c\000h\000\040\000D\000a\000t\000a\000s\000e\000t\000\040\000I\000m\000p\000l\000e\000m\000e\000n\000t\000a\000t\000i\000o\000n}{subsection.1.4}% 11
\BOOKMARK [3][-]{subsubsection.1.4.2}{\376\377\000A\000d\000v\000a\000n\000c\000e\000d\000\040\000C\000o\000l\000l\000a\000t\000e\000\040\000F\000u\000n\000c\000t\000i\000o\000n}{subsection.1.4}% 12
\BOOKMARK [3][-]{subsubsection.1.4.3}{\376\377\000D\000a\000t\000a\000L\000o\000a\000d\000e\000r\000\040\000C\000o\000n\000f\000i\000g\000u\000r\000a\000t\000i\000o\000n}{subsection.1.4}% 13
\BOOKMARK [2][-]{subsection.1.5}{\376\377\000M\000o\000d\000e\000l\000\040\000A\000r\000c\000h\000i\000t\000e\000c\000t\000u\000r\000e\000:\000\040\000E\000n\000c\000o\000d\000e\000r\000-\000D\000e\000c\000o\000d\000e\000r\000\040\000w\000i\000t\000h\000\040\000A\000t\000t\000e\000n\000t\000i\000o\000n}{section.1}% 14
\BOOKMARK [3][-]{subsubsection.1.5.1}{\376\377\000V\000i\000s\000u\000a\000l\000\040\000E\000n\000c\000o\000d\000e\000r\000:\000\040\000P\000r\000e\000-\000t\000r\000a\000i\000n\000e\000d\000\040\000C\000N\000N\000\040\000F\000e\000a\000t\000u\000r\000e\000\040\000E\000x\000t\000r\000a\000c\000t\000o\000r}{subsection.1.5}% 15
\BOOKMARK [3][-]{subsubsection.1.5.2}{\376\377\000A\000t\000t\000e\000n\000t\000i\000o\000n\000\040\000M\000e\000c\000h\000a\000n\000i\000s\000m\000:\000\040\000B\000a\000h\000d\000a\000n\000a\000u\000-\000s\000t\000y\000l\000e\000\040\000A\000d\000d\000i\000t\000i\000v\000e\000\040\000A\000t\000t\000e\000n\000t\000i\000o\000n}{subsection.1.5}% 16
\BOOKMARK [3][-]{subsubsection.1.5.3}{\376\377\000L\000S\000T\000M\000\040\000D\000e\000c\000o\000d\000e\000r\000\040\000w\000i\000t\000h\000\040\000A\000t\000t\000e\000n\000t\000i\000o\000n\000\040\000I\000n\000t\000e\000g\000r\000a\000t\000i\000o\000n}{subsection.1.5}% 17
\BOOKMARK [2][-]{subsection.1.6}{\376\377\000T\000r\000a\000i\000n\000i\000n\000g\000\040\000M\000e\000t\000h\000o\000d\000o\000l\000o\000g\000y\000\040\000a\000n\000d\000\040\000O\000p\000t\000i\000m\000i\000z\000a\000t\000i\000o\000n}{section.1}% 18
\BOOKMARK [3][-]{subsubsection.1.6.1}{\376\377\000L\000o\000s\000s\000\040\000F\000u\000n\000c\000t\000i\000o\000n\000:\000\040\000M\000a\000s\000k\000e\000d\000\040\000C\000r\000o\000s\000s\000-\000E\000n\000t\000r\000o\000p\000y}{subsection.1.6}% 19
\BOOKMARK [3][-]{subsubsection.1.6.2}{\376\377\000T\000e\000a\000c\000h\000e\000r\000\040\000F\000o\000r\000c\000i\000n\000g\000\040\000S\000t\000r\000a\000t\000e\000g\000y}{subsection.1.6}% 20
\BOOKMARK [3][-]{subsubsection.1.6.3}{\376\377\000O\000p\000t\000i\000m\000i\000z\000a\000t\000i\000o\000n\000\040\000C\000o\000n\000f\000i\000g\000u\000r\000a\000t\000i\000o\000n}{subsection.1.6}% 21
\BOOKMARK [3][-]{subsubsection.1.6.4}{\376\377\000T\000r\000a\000i\000n\000i\000n\000g\000\040\000L\000o\000o\000p\000\040\000I\000m\000p\000l\000e\000m\000e\000n\000t\000a\000t\000i\000o\000n}{subsection.1.6}% 22
\BOOKMARK [2][-]{subsection.1.7}{\376\377\000I\000n\000f\000e\000r\000e\000n\000c\000e\000\040\000a\000n\000d\000\040\000C\000a\000p\000t\000i\000o\000n\000\040\000G\000e\000n\000e\000r\000a\000t\000i\000o\000n}{section.1}% 23
\BOOKMARK [3][-]{subsubsection.1.7.1}{\376\377\000G\000r\000e\000e\000d\000y\000\040\000D\000e\000c\000o\000d\000i\000n\000g}{subsection.1.7}% 24
\BOOKMARK [3][-]{subsubsection.1.7.2}{\376\377\000B\000e\000a\000m\000\040\000S\000e\000a\000r\000c\000h\000\040\000I\000m\000p\000l\000e\000m\000e\000n\000t\000a\000t\000i\000o\000n}{subsection.1.7}% 25
\BOOKMARK [2][-]{subsection.1.8}{\376\377\000E\000v\000a\000l\000u\000a\000t\000i\000o\000n\000\040\000F\000r\000a\000m\000e\000w\000o\000r\000k}{section.1}% 26
\BOOKMARK [3][-]{subsubsection.1.8.1}{\376\377\000Q\000u\000a\000n\000t\000i\000t\000a\000t\000i\000v\000e\000\040\000M\000e\000t\000r\000i\000c\000s}{subsection.1.8}% 27
\BOOKMARK [3][-]{subsubsection.1.8.2}{\376\377\000Q\000u\000a\000l\000i\000t\000a\000t\000i\000v\000e\000\040\000A\000n\000a\000l\000y\000s\000i\000s}{subsection.1.8}% 28
\BOOKMARK [3][-]{subsubsection.1.8.3}{\376\377\000R\000e\000t\000r\000i\000e\000v\000a\000l\000\040\000E\000v\000a\000l\000u\000a\000t\000i\000o\000n}{subsection.1.8}% 29
\BOOKMARK [2][-]{subsection.1.9}{\376\377\000E\000x\000p\000e\000r\000i\000m\000e\000n\000t\000a\000l\000\040\000R\000e\000s\000u\000l\000t\000s\000\040\000a\000n\000d\000\040\000A\000n\000a\000l\000y\000s\000i\000s}{section.1}% 30
\BOOKMARK [3][-]{table.caption.2}{\376\377\000T\000r\000a\000i\000n\000i\000n\000g\000\040\000D\000y\000n\000a\000m\000i\000c\000s}{subsection.1.9}% 31
\BOOKMARK [3][-]{table.caption.3}{\376\377\000E\000v\000a\000l\000u\000a\000t\000i\000o\000n\000\040\000R\000e\000s\000u\000l\000t\000s}{subsection.1.9}% 32
\BOOKMARK [3][-]{subsubsection.1.9.3}{\376\377\000A\000b\000l\000a\000t\000i\000o\000n\000\040\000S\000t\000u\000d\000i\000e\000s}{subsection.1.9}% 33
\BOOKMARK [3][-]{subsubsection.1.9.4}{\376\377\000C\000o\000m\000p\000u\000t\000a\000t\000i\000o\000n\000a\000l\000\040\000A\000n\000a\000l\000y\000s\000i\000s}{subsection.1.9}% 34
\BOOKMARK [3][-]{subsubsection.1.9.5}{\376\377\000Q\000u\000a\000l\000i\000t\000a\000t\000i\000v\000e\000\040\000E\000x\000a\000m\000p\000l\000e\000s}{subsection.1.9}% 35
\BOOKMARK [2][-]{subsection.1.10}{\376\377\000Q\000u\000e\000s\000t\000i\000o\000n\000\040\0001\000.\0004\000-\0001\000.\0005\000:\000\040\000C\000o\000n\000t\000r\000a\000s\000t\000i\000v\000e\000\040\000L\000a\000n\000g\000u\000a\000g\000e\000-\000I\000m\000a\000g\000e\000\040\000P\000r\000e\000-\000t\000r\000a\000i\000n\000i\000n\000g\000\040\000\050\000C\000L\000I\000P\000\051}{section.1}% 36
\BOOKMARK [3][-]{subsubsection.1.10.1}{\376\377\000P\000r\000o\000b\000l\000e\000m\000\040\000F\000o\000r\000m\000u\000l\000a\000t\000i\000o\000n}{subsection.1.10}% 37
\BOOKMARK [3][-]{subsubsection.1.10.2}{\376\377\000A\000r\000c\000h\000i\000t\000e\000c\000t\000u\000r\000e\000:\000\040\000V\000i\000s\000i\000o\000n\000\040\000T\000r\000a\000n\000s\000f\000o\000r\000m\000e\000r\000\040\000+\000\040\000T\000e\000x\000t\000\040\000E\000n\000c\000o\000d\000e\000r}{subsection.1.10}% 38
\BOOKMARK [3][-]{subsubsection.1.10.3}{\376\377\000I\000n\000f\000o\000N\000C\000E\000\040\000L\000o\000s\000s\000\040\000f\000o\000r\000\040\000C\000o\000n\000t\000r\000a\000s\000t\000i\000v\000e\000\040\000L\000e\000a\000r\000n\000i\000n\000g}{subsection.1.10}% 39
\BOOKMARK [3][-]{subsubsection.1.10.4}{\376\377\000Z\000e\000r\000o\000-\000S\000h\000o\000t\000\040\000C\000l\000a\000s\000s\000i\000f\000i\000c\000a\000t\000i\000o\000n}{subsection.1.10}% 40
\BOOKMARK [3][-]{table.caption.5}{\376\377\000E\000x\000p\000e\000r\000i\000m\000e\000n\000t\000a\000l\000\040\000R\000e\000s\000u\000l\000t\000s\000\040\000a\000n\000d\000\040\000I\000m\000p\000l\000e\000m\000e\000n\000t\000a\000t\000i\000o\000n\000\040\000D\000e\000t\000a\000i\000l\000s}{subsection.1.10}% 41
\BOOKMARK [1][-]{section.2}{\376\377\000C\000L\000I\000P\000-\000s\000t\000y\000l\000e\000\040\000C\000o\000n\000t\000r\000a\000s\000t\000i\000v\000e\000\040\000L\000e\000a\000r\000n\000i\000n\000g}{}% 42
\BOOKMARK [2][-]{subsection.2.1}{\376\377\000M\000o\000d\000e\000l}{section.2}% 43
\BOOKMARK [2][-]{subsection.2.2}{\376\377\000I\000n\000f\000o\000N\000C\000E\000\040\000a\000n\000d\000\040\000T\000e\000m\000p\000e\000r\000a\000t\000u\000r\000e}{section.2}% 44
\BOOKMARK [2][-]{subsection.2.3}{\376\377\000Z\000e\000r\000o\000-\000s\000h\000o\000t\000\040\000a\000n\000d\000\040\000r\000e\000t\000r\000i\000e\000v\000a\000l}{section.2}% 45
\BOOKMARK [1][-]{section.3}{\376\377\000Q\000u\000e\000s\000t\000i\000o\000n\000\040\0002\000:\000\040\000U\000r\000b\000a\000n\000\040\000S\000o\000u\000n\000d\000\040\000C\000l\000a\000s\000s\000i\000f\000i\000c\000a\000t\000i\000o\000n}{}% 46
\BOOKMARK [2][-]{subsection.3.1}{\376\377\000P\000r\000o\000b\000l\000e\000m\000\040\000F\000o\000r\000m\000u\000l\000a\000t\000i\000o\000n\000\040\000a\000n\000d\000\040\000C\000h\000a\000l\000l\000e\000n\000g\000e\000s}{section.3}% 47
\BOOKMARK [2][-]{subsection.3.2}{\376\377\000U\000r\000b\000a\000n\000S\000o\000u\000n\000d\0008\000K\000\040\000D\000a\000t\000a\000s\000e\000t\000\040\000A\000n\000a\000l\000y\000s\000i\000s}{section.3}% 48
\BOOKMARK [3][-]{subsubsection.3.2.1}{\376\377\000D\000a\000t\000a\000s\000e\000t\000\040\000S\000t\000r\000u\000c\000t\000u\000r\000e\000\040\000a\000n\000d\000\040\000S\000t\000a\000t\000i\000s\000t\000i\000c\000s}{subsection.3.2}% 49
\BOOKMARK [3][-]{subsubsection.3.2.2}{\376\377\000A\000u\000d\000i\000o\000\040\000C\000h\000a\000r\000a\000c\000t\000e\000r\000i\000s\000t\000i\000c\000s\000\040\000A\000n\000a\000l\000y\000s\000i\000s}{subsection.3.2}% 50
\BOOKMARK [2][-]{subsection.3.3}{\376\377\000A\000u\000d\000i\000o\000\040\000P\000r\000e\000p\000r\000o\000c\000e\000s\000s\000i\000n\000g\000\040\000a\000n\000d\000\040\000F\000e\000a\000t\000u\000r\000e\000\040\000E\000x\000t\000r\000a\000c\000t\000i\000o\000n}{section.3}% 51
\BOOKMARK [3][-]{subsubsection.3.3.1}{\376\377\000W\000a\000v\000e\000f\000o\000r\000m\000\040\000P\000r\000e\000p\000r\000o\000c\000e\000s\000s\000i\000n\000g}{subsection.3.3}% 52
\BOOKMARK [3][-]{subsubsection.3.3.2}{\376\377\000M\000e\000l\000\040\000S\000p\000e\000c\000t\000r\000o\000g\000r\000a\000m\000\040\000G\000e\000n\000e\000r\000a\000t\000i\000o\000n}{subsection.3.3}% 53
\BOOKMARK [3][-]{subsubsection.3.3.3}{\376\377\000D\000a\000t\000a\000\040\000A\000u\000g\000m\000e\000n\000t\000a\000t\000i\000o\000n\000\040\000S\000t\000r\000a\000t\000e\000g\000i\000e\000s}{subsection.3.3}% 54
\BOOKMARK [2][-]{subsection.3.4}{\376\377\000C\000N\000N\000-\000b\000a\000s\000e\000d\000\040\000S\000p\000e\000c\000t\000r\000o\000g\000r\000a\000m\000\040\000C\000l\000a\000s\000s\000i\000f\000i\000c\000a\000t\000i\000o\000n}{section.3}% 55
\BOOKMARK [3][-]{subsubsection.3.4.1}{\376\377\000A\000r\000c\000h\000i\000t\000e\000c\000t\000u\000r\000e\000\040\000D\000e\000s\000i\000g\000n}{subsection.3.4}% 56
\BOOKMARK [3][-]{subsubsection.3.4.2}{\376\377\000T\000r\000a\000i\000n\000i\000n\000g\000\040\000C\000o\000n\000f\000i\000g\000u\000r\000a\000t\000i\000o\000n}{subsection.3.4}% 57
\BOOKMARK [3][-]{subsubsection.3.4.3}{\376\377\000L\000o\000s\000s\000\040\000F\000u\000n\000c\000t\000i\000o\000n\000\040\000a\000n\000d\000\040\000M\000e\000t\000r\000i\000c\000s}{subsection.3.4}% 58
\BOOKMARK [2][-]{subsection.3.5}{\376\377\000W\000a\000v\0002\000V\000e\000c\000\040\0002\000.\0000\000\040\000S\000e\000l\000f\000-\000S\000u\000p\000e\000r\000v\000i\000s\000e\000d\000\040\000L\000e\000a\000r\000n\000i\000n\000g}{section.3}% 59
\BOOKMARK [3][-]{subsubsection.3.5.1}{\376\377\000W\000a\000v\0002\000V\000e\000c\000\040\0002\000.\0000\000\040\000A\000r\000c\000h\000i\000t\000e\000c\000t\000u\000r\000e}{subsection.3.5}% 60
\BOOKMARK [3][-]{subsubsection.3.5.2}{\376\377\000P\000r\000e\000-\000t\000r\000a\000i\000n\000i\000n\000g\000\040\000O\000b\000j\000e\000c\000t\000i\000v\000e\000s}{subsection.3.5}% 61
\BOOKMARK [3][-]{subsubsection.3.5.3}{\376\377\000H\000u\000B\000E\000R\000T\000:\000\040\000M\000a\000s\000k\000e\000d\000\040\000P\000r\000e\000d\000i\000c\000t\000i\000o\000n\000\040\000a\000n\000d\000\040\000C\000l\000u\000s\000t\000e\000r\000i\000n\000g}{subsection.3.5}% 62
\BOOKMARK [3][-]{subsubsection.3.5.4}{\376\377\000F\000i\000n\000e\000-\000t\000u\000n\000i\000n\000g\000\040\000S\000t\000r\000a\000t\000e\000g\000i\000e\000s}{subsection.3.5}% 63
\BOOKMARK [2][-]{subsection.3.6}{\376\377\000E\000x\000p\000e\000r\000i\000m\000e\000n\000t\000a\000l\000\040\000S\000e\000t\000u\000p\000\040\000a\000n\000d\000\040\000R\000e\000s\000u\000l\000t\000s}{section.3}% 64
\BOOKMARK [3][-]{subsubsection.3.6.1}{\376\377\000T\000r\000a\000i\000n\000i\000n\000g\000\040\000C\000o\000n\000f\000i\000g\000u\000r\000a\000t\000i\000o\000n}{subsection.3.6}% 65
\BOOKMARK [3][-]{table.caption.10}{\376\377\000P\000e\000r\000f\000o\000r\000m\000a\000n\000c\000e\000\040\000R\000e\000s\000u\000l\000t\000s}{subsection.3.6}% 66
\BOOKMARK [3][-]{table.caption.13}{\376\377\000P\000e\000r\000-\000C\000l\000a\000s\000s\000\040\000P\000e\000r\000f\000o\000r\000m\000a\000n\000c\000e\000\040\000A\000n\000a\000l\000y\000s\000i\000s}{subsection.3.6}% 67
\BOOKMARK [3][-]{subsubsection.3.6.4}{\376\377\000A\000b\000l\000a\000t\000i\000o\000n\000\040\000S\000t\000u\000d\000i\000e\000s}{subsection.3.6}% 68
\BOOKMARK [3][-]{subsubsection.3.6.5}{\376\377\000C\000o\000m\000p\000u\000t\000a\000t\000i\000o\000n\000a\000l\000\040\000A\000n\000a\000l\000y\000s\000i\000s}{subsection.3.6}% 69
\BOOKMARK [3][-]{subsubsection.3.6.6}{\376\377\000E\000r\000r\000o\000r\000\040\000A\000n\000a\000l\000y\000s\000i\000s}{subsection.3.6}% 70
\BOOKMARK [3][-]{subsubsection.3.6.7}{\376\377\000Q\000u\000a\000l\000i\000t\000a\000t\000i\000v\000e\000\040\000A\000n\000a\000l\000y\000s\000i\000s}{subsection.3.6}% 71
\BOOKMARK [2][-]{subsection.3.7}{\376\377\000Q\000u\000e\000s\000t\000i\000o\000n\000\040\0003\000:\000\040\000L\000o\000R\000A\000\040\000F\000i\000n\000e\000-\000t\000u\000n\000i\000n\000g}{section.3}% 72
\BOOKMARK [3][-]{subsubsection.3.7.1}{\376\377\000L\000o\000R\000A\000\040\000M\000a\000t\000h\000e\000m\000a\000t\000i\000c\000a\000l\000\040\000F\000o\000u\000n\000d\000a\000t\000i\000o\000n}{subsection.3.7}% 73
\BOOKMARK [3][-]{subsubsection.3.7.2}{\376\377\000L\000o\000R\000A\000\040\000I\000m\000p\000l\000e\000m\000e\000n\000t\000a\000t\000i\000o\000n\000\040\000D\000e\000t\000a\000i\000l\000s}{subsection.3.7}% 74
\BOOKMARK [3][-]{subsubsection.3.7.3}{\376\377\000E\000x\000p\000e\000r\000i\000m\000e\000n\000t\000a\000l\000\040\000S\000e\000t\000u\000p}{subsection.3.7}% 75
\BOOKMARK [3][-]{table.caption.14}{\376\377\000R\000e\000s\000u\000l\000t\000s\000\040\000a\000n\000d\000\040\000E\000f\000f\000i\000c\000i\000e\000n\000c\000y\000\040\000A\000n\000a\000l\000y\000s\000i\000s}{subsection.3.7}% 76
\BOOKMARK [2][-]{subsection.3.8}{\376\377\000Q\000u\000e\000s\000t\000i\000o\000n\000\040\0003\000.\0001\000:\000\040\000L\000o\000R\000A\000\040\000F\000o\000r\000m\000u\000l\000a\000t\000i\000o\000n\000\040\000a\000n\000d\000\040\000B\000e\000n\000e\000f\000i\000t\000s}{section.3}% 77
\BOOKMARK [3][-]{subsubsection.3.8.1}{\376\377\000L\000o\000R\000A\000\040\000F\000o\000r\000w\000a\000r\000d\000\040\000P\000a\000s\000s\000\040\000a\000n\000d\000\040\000T\000r\000a\000i\000n\000i\000n\000g}{subsection.3.8}% 78
\BOOKMARK [3][-]{subsubsection.3.8.2}{\376\377\000L\000o\000R\000A\000\040\000C\000o\000n\000f\000i\000g\000u\000r\000a\000t\000i\000o\000n\000\040\000a\000n\000d\000\040\000H\000y\000p\000e\000r\000p\000a\000r\000a\000m\000e\000t\000e\000r\000s}{subsection.3.8}% 79
\BOOKMARK [3][-]{subsubsection.3.8.3}{\376\377\000I\000m\000p\000l\000e\000m\000e\000n\000t\000a\000t\000i\000o\000n\000\040\000A\000r\000c\000h\000i\000t\000e\000c\000t\000u\000r\000e}{subsection.3.8}% 80
\BOOKMARK [3][-]{subsubsection.3.8.4}{\376\377\000P\000E\000F\000T\000\040\000I\000n\000t\000e\000g\000r\000a\000t\000i\000o\000n\000\040\000a\000n\000d\000\040\000L\000i\000b\000r\000a\000r\000y\000\040\000S\000u\000p\000p\000o\000r\000t}{subsection.3.8}% 81
\BOOKMARK [2][-]{subsection.3.9}{\376\377\000Q\000u\000e\000s\000t\000i\000o\000n\000\040\0003\000.\0002\000:\000\040\000I\000n\000s\000t\000r\000u\000c\000t\000i\000o\000n\000\040\000T\000u\000n\000i\000n\000g\000\040\000a\000n\000d\000\040\000T\000a\000s\000k\000-\000S\000p\000e\000c\000i\000f\000i\000c\000\040\000A\000d\000a\000p\000t\000a\000t\000i\000o\000n}{section.3}% 82
\BOOKMARK [3][-]{subsubsection.3.9.1}{\376\377\000I\000n\000s\000t\000r\000u\000c\000t\000i\000o\000n\000\040\000T\000u\000n\000i\000n\000g\000\040\000D\000a\000t\000a\000s\000e\000t\000\040\000P\000r\000e\000p\000a\000r\000a\000t\000i\000o\000n}{subsection.3.9}% 83
\BOOKMARK [3][-]{subsubsection.3.9.2}{\376\377\000P\000r\000o\000m\000p\000t\000i\000n\000g\000\040\000S\000t\000r\000a\000t\000e\000g\000i\000e\000s\000\040\000a\000n\000d\000\040\000T\000e\000m\000p\000l\000a\000t\000e\000s}{subsection.3.9}% 84
\BOOKMARK [3][-]{subsubsection.3.9.3}{\376\377\000E\000v\000a\000l\000u\000a\000t\000i\000o\000n\000\040\000M\000e\000t\000r\000i\000c\000s\000\040\000f\000o\000r\000\040\000I\000n\000s\000t\000r\000u\000c\000t\000i\000o\000n\000\040\000F\000o\000l\000l\000o\000w\000i\000n\000g}{subsection.3.9}% 85
\BOOKMARK [2][-]{subsection.3.10}{\376\377\000Q\000u\000e\000s\000t\000i\000o\000n\000\040\0003\000.\0003\000:\000\040\000E\000x\000p\000e\000r\000i\000m\000e\000n\000t\000a\000l\000\040\000R\000e\000s\000u\000l\000t\000s\000\040\000a\000n\000d\000\040\000A\000n\000a\000l\000y\000s\000i\000s}{section.3}% 86
\BOOKMARK [3][-]{subsubsection.3.10.1}{\376\377\000B\000a\000s\000e\000l\000i\000n\000e\000\040\000C\000o\000m\000p\000a\000r\000i\000s\000o\000n\000s}{subsection.3.10}% 87
\BOOKMARK [3][-]{subsubsection.3.10.2}{\376\377\000A\000b\000l\000a\000t\000i\000o\000n\000\040\000S\000t\000u\000d\000i\000e\000s}{subsection.3.10}% 88
\BOOKMARK [3][-]{subsubsection.3.10.3}{\376\377\000C\000o\000m\000p\000u\000t\000a\000t\000i\000o\000n\000a\000l\000\040\000A\000n\000a\000l\000y\000s\000i\000s}{subsection.3.10}% 89
\BOOKMARK [3][-]{subsubsection.3.10.4}{\376\377\000Q\000u\000a\000l\000i\000t\000a\000t\000i\000v\000e\000\040\000A\000n\000a\000l\000y\000s\000i\000s}{subsection.3.10}% 90
\BOOKMARK [3][-]{subsubsection.3.10.5}{\376\377\000L\000i\000m\000i\000t\000a\000t\000i\000o\000n\000s\000\040\000a\000n\000d\000\040\000F\000u\000t\000u\000r\000e\000\040\000W\000o\000r\000k}{subsection.3.10}% 91
\BOOKMARK [1][-]{section.4}{\376\377\000Q\000u\000e\000s\000t\000i\000o\000n\000\040\0004\000:\000\040\000A\000d\000v\000e\000r\000s\000a\000r\000i\000a\000l\000\040\000A\000t\000t\000a\000c\000k\000s\000\040\000a\000n\000d\000\040\000R\000o\000b\000u\000s\000t\000\040\000T\000r\000a\000i\000n\000i\000n\000g}{}% 92
\BOOKMARK [2][-]{subsection.4.1}{\376\377\000A\000d\000v\000e\000r\000s\000a\000r\000i\000a\000l\000\040\000T\000h\000r\000e\000a\000t\000\040\000M\000o\000d\000e\000l\000\040\000a\000n\000d\000\040\000M\000a\000t\000h\000e\000m\000a\000t\000i\000c\000a\000l\000\040\000F\000o\000u\000n\000d\000a\000t\000i\000o\000n}{section.4}% 93
\BOOKMARK [3][-]{subsubsection.4.1.1}{\376\377\000A\000d\000v\000e\000r\000s\000a\000r\000i\000a\000l\000\040\000E\000x\000a\000m\000p\000l\000e\000s\000\040\000D\000e\000f\000i\000n\000i\000t\000i\000o\000n}{subsection.4.1}% 94
\BOOKMARK [3][-]{subsubsection.4.1.2}{\376\377\000T\000h\000r\000e\000a\000t\000\040\000M\000o\000d\000e\000l\000s}{subsection.4.1}% 95
\BOOKMARK [3][-]{subsubsection.4.1.3}{\376\377\000A\000t\000t\000a\000c\000k\000\040\000G\000o\000a\000l\000s}{subsection.4.1}% 96
\BOOKMARK [2][-]{subsection.4.2}{\376\377\000F\000a\000s\000t\000\040\000G\000r\000a\000d\000i\000e\000n\000t\000\040\000S\000i\000g\000n\000\040\000M\000e\000t\000h\000o\000d\000\040\000\050\000F\000G\000S\000M\000\051}{section.4}% 97
\BOOKMARK [3][-]{subsubsection.4.2.1}{\376\377\000M\000a\000t\000h\000e\000m\000a\000t\000i\000c\000a\000l\000\040\000F\000o\000r\000m\000u\000l\000a\000t\000i\000o\000n}{subsection.4.2}% 98
\BOOKMARK [3][-]{algorithm.1}{\376\377\000A\000l\000g\000o\000r\000i\000t\000h\000m\000\040\000I\000m\000p\000l\000e\000m\000e\000n\000t\000a\000t\000i\000o\000n}{subsection.4.2}% 99
\BOOKMARK [3][-]{subsubsection.4.2.3}{\376\377\000F\000G\000S\000M\000\040\000P\000r\000o\000p\000e\000r\000t\000i\000e\000s\000\040\000a\000n\000d\000\040\000L\000i\000m\000i\000t\000a\000t\000i\000o\000n\000s}{subsection.4.2}% 100
\BOOKMARK [2][-]{subsection.4.3}{\376\377\000P\000r\000o\000j\000e\000c\000t\000e\000d\000\040\000G\000r\000a\000d\000i\000e\000n\000t\000\040\000D\000e\000s\000c\000e\000n\000t\000\040\000\050\000P\000G\000D\000\051}{section.4}% 101
\BOOKMARK [3][-]{subsubsection.4.3.1}{\376\377\000M\000a\000t\000h\000e\000m\000a\000t\000i\000c\000a\000l\000\040\000F\000o\000u\000n\000d\000a\000t\000i\000o\000n}{subsection.4.3}% 102
\BOOKMARK [3][-]{algorithm.2}{\376\377\000A\000l\000g\000o\000r\000i\000t\000h\000m\000\040\000D\000e\000t\000a\000i\000l\000s}{subsection.4.3}% 103
\BOOKMARK [3][-]{subsubsection.4.3.3}{\376\377\000C\000o\000n\000v\000e\000r\000g\000e\000n\000c\000e\000\040\000a\000n\000d\000\040\000O\000p\000t\000i\000m\000i\000z\000a\000t\000i\000o\000n}{subsection.4.3}% 104
\BOOKMARK [2][-]{subsection.4.4}{\376\377\000C\000a\000r\000l\000i\000n\000i\000-\000W\000a\000g\000n\000e\000r\000\040\000\050\000C\000W\000\051\000\040\000A\000t\000t\000a\000c\000k}{section.4}% 105
\BOOKMARK [3][-]{subsubsection.4.4.1}{\376\377\000O\000p\000t\000i\000m\000i\000z\000a\000t\000i\000o\000n\000-\000b\000a\000s\000e\000d\000\040\000A\000t\000t\000a\000c\000k}{subsection.4.4}% 106
\BOOKMARK [3][-]{subsubsection.4.4.2}{\376\377\000C\000W\000\040\000v\000s\000.\000\040\000G\000r\000a\000d\000i\000e\000n\000t\000-\000b\000a\000s\000e\000d\000\040\000A\000t\000t\000a\000c\000k\000s}{subsection.4.4}% 107
\BOOKMARK [2][-]{subsection.4.5}{\376\377\000A\000t\000t\000a\000c\000k\000\040\000E\000v\000a\000l\000u\000a\000t\000i\000o\000n\000\040\000a\000n\000d\000\040\000M\000e\000t\000r\000i\000c\000s}{section.4}% 108
\BOOKMARK [3][-]{subsubsection.4.5.1}{\376\377\000A\000t\000t\000a\000c\000k\000\040\000S\000u\000c\000c\000e\000s\000s\000\040\000M\000e\000t\000r\000i\000c\000s}{subsection.4.5}% 109
\BOOKMARK [3][-]{table.caption.16}{\376\377\000E\000x\000p\000e\000r\000i\000m\000e\000n\000t\000a\000l\000\040\000R\000e\000s\000u\000l\000t\000s}{subsection.4.5}% 110
\BOOKMARK [3][-]{subsubsection.4.5.3}{\376\377\000P\000e\000r\000t\000u\000r\000b\000a\000t\000i\000o\000n\000\040\000A\000n\000a\000l\000y\000s\000i\000s}{subsection.4.5}% 111
\BOOKMARK [2][-]{subsection.4.6}{\376\377\000A\000d\000v\000e\000r\000s\000a\000r\000i\000a\000l\000\040\000T\000r\000a\000i\000n\000i\000n\000g\000\040\000D\000e\000f\000e\000n\000s\000e}{section.4}% 112
\BOOKMARK [3][-]{subsubsection.4.6.1}{\376\377\000A\000d\000v\000e\000r\000s\000a\000r\000i\000a\000l\000\040\000T\000r\000a\000i\000n\000i\000n\000g\000\040\000F\000o\000r\000m\000u\000l\000a\000t\000i\000o\000n}{subsection.4.6}% 113
\BOOKMARK [3][-]{subsubsection.4.6.2}{\376\377\000T\000r\000a\000i\000n\000i\000n\000g\000\040\000S\000t\000r\000a\000t\000e\000g\000i\000e\000s}{subsection.4.6}% 114
\BOOKMARK [3][-]{subsubsection.4.6.3}{\376\377\000I\000m\000p\000l\000e\000m\000e\000n\000t\000a\000t\000i\000o\000n\000\040\000D\000e\000t\000a\000i\000l\000s}{subsection.4.6}% 115
\BOOKMARK [2][-]{subsection.4.7}{\376\377\000E\000x\000p\000e\000r\000i\000m\000e\000n\000t\000a\000l\000\040\000R\000e\000s\000u\000l\000t\000s\000\040\000a\000n\000d\000\040\000A\000n\000a\000l\000y\000s\000i\000s}{section.4}% 116
\BOOKMARK [3][-]{table.caption.17}{\376\377\000B\000a\000s\000e\000l\000i\000n\000e\000\040\000v\000s\000.\000\040\000A\000d\000v\000e\000r\000s\000a\000r\000i\000a\000l\000\040\000T\000r\000a\000i\000n\000i\000n\000g}{subsection.4.7}% 117
\BOOKMARK [3][-]{subsubsection.4.7.2}{\376\377\000R\000o\000b\000u\000s\000t\000n\000e\000s\000s\000-\000A\000c\000c\000u\000r\000a\000c\000y\000\040\000T\000r\000a\000d\000e\000-\000o\000f\000f}{subsection.4.7}% 118
\BOOKMARK [3][-]{subsubsection.4.7.3}{\376\377\000A\000b\000l\000a\000t\000i\000o\000n\000\040\000S\000t\000u\000d\000i\000e\000s}{subsection.4.7}% 119
\BOOKMARK [3][-]{subsubsection.4.7.4}{\376\377\000C\000o\000m\000p\000u\000t\000a\000t\000i\000o\000n\000a\000l\000\040\000A\000n\000a\000l\000y\000s\000i\000s}{subsection.4.7}% 120
\BOOKMARK [3][-]{subsubsection.4.7.5}{\376\377\000Q\000u\000a\000l\000i\000t\000a\000t\000i\000v\000e\000\040\000A\000n\000a\000l\000y\000s\000i\000s}{subsection.4.7}% 121
\BOOKMARK [3][-]{table.caption.19}{\376\377\000P\000e\000r\000-\000C\000l\000a\000s\000s\000\040\000R\000o\000b\000u\000s\000t\000n\000e\000s\000s\000\040\000A\000n\000a\000l\000y\000s\000i\000s}{subsection.4.7}% 122
\BOOKMARK [3][-]{subsubsection.4.7.7}{\376\377\000L\000i\000m\000i\000t\000a\000t\000i\000o\000n\000s\000\040\000a\000n\000d\000\040\000F\000u\000t\000u\000r\000e\000\040\000W\000o\000r\000k}{subsection.4.7}% 123
\BOOKMARK [1][-]{section.5}{\376\377\000I\000m\000p\000l\000e\000m\000e\000n\000t\000a\000t\000i\000o\000n\000\040\000d\000e\000t\000a\000i\000l\000s\000\040\000a\000n\000d\000\040\000c\000o\000m\000p\000u\000t\000e}{}% 124
\BOOKMARK [2][-]{subsection.5.1}{\376\377\000C\000o\000d\000e\000b\000a\000s\000e\000\040\000s\000t\000r\000u\000c\000t\000u\000r\000e}{section.5}% 125
\BOOKMARK [2][-]{subsection.5.2}{\376\377\000H\000a\000r\000d\000w\000a\000r\000e\000\040\000a\000n\000d\000\040\000r\000u\000n\000t\000i\000m\000e\000s}{section.5}% 126
\BOOKMARK [1][-]{section.6}{\376\377\000R\000e\000s\000u\000l\000t\000s\000\040\000a\000n\000d\000\040\000A\000b\000l\000a\000t\000i\000o\000n\000\040\000S\000t\000u\000d\000i\000e\000s}{}% 127
\BOOKMARK [2][-]{subsection.6.1}{\376\377\000A\000b\000l\000a\000t\000i\000o\000n\000s}{section.6}% 128
\BOOKMARK [1][-]{section.7}{\376\377\000P\000r\000a\000c\000t\000i\000c\000a\000l\000\040\000g\000u\000i\000d\000e\000l\000i\000n\000e\000s\000\040\000a\000n\000d\000\040\000b\000e\000s\000t\000\040\000p\000r\000a\000c\000t\000i\000c\000e\000s}{}% 129
\BOOKMARK [1][-]{section.8}{\376\377\000R\000e\000c\000o\000m\000m\000e\000n\000d\000e\000d\000\040\000V\000i\000s\000u\000a\000l\000i\000z\000a\000t\000i\000o\000n\000s}{}% 130
\BOOKMARK [1][-]{section.9}{\376\377\000R\000e\000p\000r\000o\000d\000u\000c\000i\000b\000i\000l\000i\000t\000y\000\040\000c\000h\000e\000c\000k\000l\000i\000s\000t}{}% 131
\BOOKMARK [1][-]{section.10}{\376\377\000L\000i\000m\000i\000t\000a\000t\000i\000o\000n\000s\000\040\000a\000n\000d\000\040\000F\000u\000t\000u\000r\000e\000\040\000W\000o\000r\000k}{}% 132
\BOOKMARK [1][-]{section*.23}{\376\377\000A\000p\000p\000e\000n\000d\000i\000x\000\040\000A\000:\000\040\000A\000p\000p\000e\000n\000d\000i\000x\000:\000\040\000H\000y\000p\000e\000r\000p\000a\000r\000a\000m\000e\000t\000e\000r\000s\000\040\000a\000n\000d\000\040\000I\000m\000p\000l\000e\000m\000e\000n\000t\000a\000t\000i\000o\000n\000\040\000D\000e\000t\000a\000i\000l\000s}{}% 133
\BOOKMARK [1][-]{section*.25}{\376\377\000A\000p\000p\000e\000n\000d\000i\000x\000\040\000B\000:\000\040\000A\000p\000p\000e\000n\000d\000i\000x\000:\000\040\000R\000e\000p\000r\000o\000d\000u\000c\000i\000b\000l\000e\000\040\000c\000o\000m\000m\000a\000n\000d\000s\000\040\000a\000n\000d\000\040\000p\000s\000e\000u\000d\000o\000c\000o\000d\000e}{}% 134
\BOOKMARK [2][-]{subsection.Appendix.B.1}{\376\377\000A\000p\000p\000e\000n\000d\000i\000x\000:\000\040\000M\000e\000t\000r\000i\000c\000s\000\040\000a\000n\000d\000\040\000S\000t\000a\000t\000i\000s\000t\000i\000c\000a\000l\000\040\000R\000e\000p\000o\000r\000t\000i\000n\000g}{section*.25}% 135
\BOOKMARK [2][-]{subsection.Appendix.B.2}{\376\377\000A\000p\000p\000e\000n\000d\000i\000x\000:\000\040\000C\000L\000I\000P\000\040\000/\000\040\000C\000o\000n\000t\000r\000a\000s\000t\000i\000v\000e\000\040\000L\000e\000a\000r\000n\000i\000n\000g\000\040\000D\000e\000t\000a\000i\000l\000s}{section*.25}% 136
\BOOKMARK [2][-]{subsection.Appendix.B.3}{\376\377\000A\000p\000p\000e\000n\000d\000i\000x\000:\000\040\000B\000e\000a\000m\000\040\000S\000e\000a\000r\000c\000h\000\040\000a\000n\000d\000\040\000D\000e\000c\000o\000d\000i\000n\000g}{section*.25}% 137
\BOOKMARK [2][-]{subsection.Appendix.B.4}{\376\377\000A\000p\000p\000e\000n\000d\000i\000x\000:\000\040\000L\000o\000R\000A\000\040\000i\000m\000p\000l\000e\000m\000e\000n\000t\000a\000t\000i\000o\000n\000\040\000d\000e\000t\000a\000i\000l\000s}{section*.25}% 138
\BOOKMARK [2][-]{subsection.Appendix.B.5}{\376\377\000A\000p\000p\000e\000n\000d\000i\000x\000:\000\040\000A\000d\000v\000e\000r\000s\000a\000r\000i\000a\000l\000\040\000A\000t\000t\000a\000c\000k\000s\000\040\040\023\000\040\000A\000l\000g\000o\000r\000i\000t\000h\000m\000s\000\040\000a\000n\000d\000\040\000E\000v\000a\000l\000u\000a\000t\000i\000o\000n\000\040\000P\000r\000o\000t\000o\000c\000o\000l}{section*.25}% 139
\BOOKMARK [2][-]{subsection.Appendix.B.6}{\376\377\000A\000p\000p\000e\000n\000d\000i\000x\000:\000\040\000W\000a\000v\0002\000V\000e\000c\000\040\000/\000\040\000H\000u\000B\000E\000R\000T\000\040\000t\000r\000a\000i\000n\000i\000n\000g\000\040\000h\000y\000p\000e\000r\000p\000a\000r\000a\000m\000e\000t\000e\000r\000s}{section*.25}% 140
\BOOKMARK [2][-]{subsection.Appendix.B.7}{\376\377\000A\000p\000p\000e\000n\000d\000i\000x\000:\000\040\000D\000a\000t\000a\000\040\000a\000u\000g\000m\000e\000n\000t\000a\000t\000i\000o\000n\000s\000\040\000a\000n\000d\000\040\000t\000r\000a\000n\000s\000f\000o\000r\000m\000s}{section*.25}% 141
\BOOKMARK [2][-]{subsection.Appendix.B.8}{\376\377\000A\000p\000p\000e\000n\000d\000i\000x\000:\000\040\000C\000o\000d\000e\000\040\000m\000a\000p\000\040\000\050\000f\000i\000l\000e\000\040\000r\000e\000f\000e\000r\000e\000n\000c\000e\000s\000\051}{section*.25}% 142
\BOOKMARK [2][-]{subsection.Appendix.B.9}{\376\377\000A\000p\000p\000e\000n\000d\000i\000x\000:\000\040\000N\000o\000t\000a\000t\000i\000o\000n\000\040\000a\000n\000d\000\040\000c\000o\000n\000v\000e\000n\000t\000i\000o\000n\000s}{section*.25}% 143
\BOOKMARK [1][-]{section*.26}{\376\377\000R\000e\000f\000e\000r\000e\000n\000c\000e\000s}{}% 144
